Component: ARM Compiler 5.06 update 5 (build 528) Tool: armlink [4d35e2]

==============================================================================

Section Cross References

    startup_stm32f10x_md.o(STACK) refers (Special) to heapauxi.o(.text) for __use_two_region_memory
    startup_stm32f10x_md.o(HEAP) refers (Special) to heapauxi.o(.text) for __use_two_region_memory
    startup_stm32f10x_md.o(RESET) refers (Special) to heapauxi.o(.text) for __use_two_region_memory
    startup_stm32f10x_md.o(RESET) refers to startup_stm32f10x_md.o(STACK) for __initial_sp
    startup_stm32f10x_md.o(RESET) refers to startup_stm32f10x_md.o(.text) for Reset_Handler
    startup_stm32f10x_md.o(RESET) refers to stm32f10x_it.o(i.NMI_Handler) for NMI_Handler
    startup_stm32f10x_md.o(RESET) refers to stm32f10x_it.o(i.HardFault_Handler) for HardFault_Handler
    startup_stm32f10x_md.o(RESET) refers to stm32f10x_it.o(i.MemManage_Handler) for MemManage_Handler
    startup_stm32f10x_md.o(RESET) refers to stm32f10x_it.o(i.BusFault_Handler) for BusFault_Handler
    startup_stm32f10x_md.o(RESET) refers to stm32f10x_it.o(i.UsageFault_Handler) for UsageFault_Handler
    startup_stm32f10x_md.o(RESET) refers to stm32f10x_it.o(i.SVC_Handler) for SVC_Handler
    startup_stm32f10x_md.o(RESET) refers to stm32f10x_it.o(i.DebugMon_Handler) for DebugMon_Handler
    startup_stm32f10x_md.o(RESET) refers to stm32f10x_it.o(i.PendSV_Handler) for PendSV_Handler
    startup_stm32f10x_md.o(RESET) refers to stm32f10x_it.o(i.SysTick_Handler) for SysTick_Handler
    startup_stm32f10x_md.o(.text) refers (Special) to heapauxi.o(.text) for __use_two_region_memory
    startup_stm32f10x_md.o(.text) refers to system_stm32f10x.o(i.SystemInit) for SystemInit
    startup_stm32f10x_md.o(.text) refers to __main.o(!!!main) for __main
    startup_stm32f10x_md.o(.text) refers to startup_stm32f10x_md.o(HEAP) for Heap_Mem
    startup_stm32f10x_md.o(.text) refers to startup_stm32f10x_md.o(STACK) for Stack_Mem
    system_stm32f10x.o(i.SetSysClock) refers to system_stm32f10x.o(i.SetSysClockTo72) for SetSysClockTo72
    system_stm32f10x.o(i.SystemCoreClockUpdate) refers to system_stm32f10x.o(.data) for SystemCoreClock
    system_stm32f10x.o(i.SystemInit) refers to system_stm32f10x.o(i.SetSysClock) for SetSysClock
    stm32f10x_adc.o(i.ADC_DeInit) refers to stm32f10x_rcc.o(i.RCC_APB2PeriphResetCmd) for RCC_APB2PeriphResetCmd
    stm32f10x_bkp.o(i.BKP_DeInit) refers to stm32f10x_rcc.o(i.RCC_BackupResetCmd) for RCC_BackupResetCmd
    stm32f10x_can.o(i.CAN_DeInit) refers to stm32f10x_rcc.o(i.RCC_APB1PeriphResetCmd) for RCC_APB1PeriphResetCmd
    stm32f10x_can.o(i.CAN_GetITStatus) refers to stm32f10x_can.o(i.CheckITStatus) for CheckITStatus
    stm32f10x_cec.o(i.CEC_DeInit) refers to stm32f10x_rcc.o(i.RCC_APB1PeriphResetCmd) for RCC_APB1PeriphResetCmd
    stm32f10x_dac.o(i.DAC_DeInit) refers to stm32f10x_rcc.o(i.RCC_APB1PeriphResetCmd) for RCC_APB1PeriphResetCmd
    stm32f10x_flash.o(i.FLASH_EnableWriteProtection) refers to stm32f10x_flash.o(i.FLASH_WaitForLastOperation) for FLASH_WaitForLastOperation
    stm32f10x_flash.o(i.FLASH_EraseAllBank1Pages) refers to stm32f10x_flash.o(i.FLASH_WaitForLastBank1Operation) for FLASH_WaitForLastBank1Operation
    stm32f10x_flash.o(i.FLASH_EraseAllPages) refers to stm32f10x_flash.o(i.FLASH_WaitForLastOperation) for FLASH_WaitForLastOperation
    stm32f10x_flash.o(i.FLASH_EraseOptionBytes) refers to stm32f10x_flash.o(i.FLASH_GetReadOutProtectionStatus) for FLASH_GetReadOutProtectionStatus
    stm32f10x_flash.o(i.FLASH_EraseOptionBytes) refers to stm32f10x_flash.o(i.FLASH_WaitForLastOperation) for FLASH_WaitForLastOperation
    stm32f10x_flash.o(i.FLASH_ErasePage) refers to stm32f10x_flash.o(i.FLASH_WaitForLastOperation) for FLASH_WaitForLastOperation
    stm32f10x_flash.o(i.FLASH_ProgramHalfWord) refers to stm32f10x_flash.o(i.FLASH_WaitForLastOperation) for FLASH_WaitForLastOperation
    stm32f10x_flash.o(i.FLASH_ProgramOptionByteData) refers to stm32f10x_flash.o(i.FLASH_WaitForLastOperation) for FLASH_WaitForLastOperation
    stm32f10x_flash.o(i.FLASH_ProgramWord) refers to stm32f10x_flash.o(i.FLASH_WaitForLastOperation) for FLASH_WaitForLastOperation
    stm32f10x_flash.o(i.FLASH_ReadOutProtection) refers to stm32f10x_flash.o(i.FLASH_WaitForLastOperation) for FLASH_WaitForLastOperation
    stm32f10x_flash.o(i.FLASH_UserOptionByteConfig) refers to stm32f10x_flash.o(i.FLASH_WaitForLastOperation) for FLASH_WaitForLastOperation
    stm32f10x_flash.o(i.FLASH_WaitForLastBank1Operation) refers to stm32f10x_flash.o(i.FLASH_GetBank1Status) for FLASH_GetBank1Status
    stm32f10x_flash.o(i.FLASH_WaitForLastOperation) refers to stm32f10x_flash.o(i.FLASH_GetBank1Status) for FLASH_GetBank1Status
    stm32f10x_gpio.o(i.GPIO_AFIODeInit) refers to stm32f10x_rcc.o(i.RCC_APB2PeriphResetCmd) for RCC_APB2PeriphResetCmd
    stm32f10x_gpio.o(i.GPIO_DeInit) refers to stm32f10x_rcc.o(i.RCC_APB2PeriphResetCmd) for RCC_APB2PeriphResetCmd
[...]
    .ARM.Collect$$libinit$$00000002          0x08000162   Section        0  libinit2.o(.ARM.Collect$$libinit$$00000002)
    .ARM.Collect$$libinit$$00000004          0x08000162   Section        0  libinit2.o(.ARM.Collect$$libinit$$00000004)
    .ARM.Collect$$libinit$$0000000A          0x08000162   Section        0  libinit2.o(.ARM.Collect$$libinit$$0000000A)
    .ARM.Collect$$libinit$$0000000C          0x08000162   Section        0  libinit2.o(.ARM.Collect$$libinit$$0000000C)
    .ARM.Collect$$libinit$$0000000E          0x08000162   Section        0  libinit2.o(.ARM.Collect$$libinit$$0000000E)
    .ARM.Collect$$libinit$$00000011          0x08000162   Section        0  libinit2.o(.ARM.Collect$$libinit$$00000011)
    .ARM.Collect$$libinit$$00000013          0x08000162   Section        0  libinit2.o(.ARM.Collect$$libinit$$00000013)
    .ARM.Collect$$libinit$$00000015          0x08000162   Section        0  libinit2.o(.ARM.Collect$$libinit$$00000015)
    .ARM.Collect$$libinit$$00000017          0x08000162   Section        0  libinit2.o(.ARM.Collect$$libinit$$00000017)
    .ARM.Collect$$libinit$$00000019          0x08000162   Section        0  libinit2.o(.ARM.Collect$$libinit$$00000019)
    .ARM.Collect$$libinit$$0000001B          0x08000162   Section        0  libinit2.o(.ARM.Collect$$libinit$$0000001B)
    .ARM.Collect$$libinit$$0000001D          0x08000162   Section        0  libinit2.o(.ARM.Collect$$libinit$$0000001D)
    .ARM.Collect$$libinit$$0000001F          0x08000162   Section        0  libinit2.o(.ARM.Collect$$libinit$$0000001F)
    .ARM.Collect$$libinit$$00000021          0x08000162   Section        0  libinit2.o(.ARM.Collect$$libinit$$00000021)
    .ARM.Collect$$libinit$$00000023          0x08000162   Section        0  libinit2.o(.ARM.Collect$$libinit$$00000023)
    .ARM.Collect$$libinit$$00000025          0x08000162   Section        0  libinit2.o(.ARM.Collect$$libinit$$00000025)
    .ARM.Collect$$libinit$$0000002C          0x08000162   Section        0  libinit2.o(.ARM.Collect$$libinit$$0000002C)
    .ARM.Collect$$libinit$$0000002E          0x08000162   Section        0  libinit2.o(.ARM.Collect$$libinit$$0000002E)
    .ARM.Collect$$libinit$$00000030          0x08000162   Section        0  libinit2.o(.ARM.Collect$$libinit$$00000030)
    .ARM.Collect$$libinit$$00000032          0x08000162   Section        0  libinit2.o(.ARM.Collect$$libinit$$00000032)
    .ARM.Collect$$libinit$$00000033          0x08000162   Section        2  libinit2.o(.ARM.Collect$$libinit$$00000033)
    .ARM.Collect$$libshutdown$$00000000      0x08000164   Section        2  libshutdown.o(.ARM.Collect$$libshutdown$$00000000)
    .ARM.Collect$$libshutdown$$00000002      0x08000166   Section        0  libshutdown2.o(.ARM.Collect$$libshutdown$$00000002)
    .ARM.Collect$$libshutdown$$00000004      0x08000166   Section        0  libshutdown2.o(.ARM.Collect$$libshutdown$$00000004)
    .ARM.Collect$$libshutdown$$00000007      0x08000166   Section        0  libshutdown2.o(.ARM.Collect$$libshutdown$$00000007)
    .ARM.Collect$$libshutdown$$0000000A      0x08000166   Section        0  libshutdown2.o(.ARM.Collect$$libshutdown$$0000000A)
    .ARM.Collect$$libshutdown$$0000000C      0x08000166   Section        0  libshutdown2.o(.ARM.Collect$$libshutdown$$0000000C)
    .ARM.Collect$$libshutdown$$0000000F      0x08000166   Section        0  libshutdown2.o(.ARM.Collect$$libshutdown$$0000000F)
    .ARM.Collect$$libshutdown$$00000010      0x08000166   Section        2  libshutdown2.o(.ARM.Collect$$libshutdown$$00000010)
    .ARM.Collect$$rtentry$$00000000          0x08000168   Section        0  __rtentry.o(.ARM.Collect$$rtentry$$00000000)
    .ARM.Collect$$rtentry$$00000002          0x08000168   Section        0  __rtentry2.o(.ARM.Collect$$rtentry$$00000002)
    .ARM.Collect$$rtentry$$00000004          0x08000168   Section        6  __rtentry4.o(.ARM.Collect$$rtentry$$00000004)
    .ARM.Collect$$rtentry$$00000009          0x0800016e   Section        0  __rtentry2.o(.ARM.Collect$$rtentry$$00000009)
    .ARM.Collect$$rtentry$$0000000A          0x0800016e   Section        4  __rtentry2.o(.ARM.Collect$$rtentry$$0000000A)
    .ARM.Collect$$rtentry$$0000000C          0x08000172   Section        0  __rtentry2.o(.ARM.Collect$$rtentry$$0000000C)
    .ARM.Collect$$rtentry$$0000000D          0x08000172   Section        8  __rtentry2.o(.ARM.Collect$$rtentry$$0000000D)
    .ARM.Collect$$rtexit$$00000000           0x0800017a   Section        2  rtexit.o(.ARM.Collect$$rtexit$$00000000)
    .ARM.Collect$$rtexit$$00000002           0x0800017c   Section        0  rtexit2.o(.ARM.Collect$$rtexit$$00000002)
    .ARM.Collect$$rtexit$$00000003           0x0800017c   Section        4  rtexit2.o(.ARM.Collect$$rtexit$$00000003)
    .ARM.Collect$$rtexit$$00000004           0x08000180   Section        6  rtexit2.o(.ARM.Collect$$rtexit$$00000004)
    .text                                    0x08000188   Section       64  startup_stm32f10x_md.o(.text)
    .text                                    0x080001c8   Section       72  llsdiv.o(.text)
    .text                                    0x08000210   Section        0  memcmp.o(.text)
    .text                                    0x08000268   Section       16  aeabi_memset.o(.text)
    .text                                    0x08000278   Section        0  heapauxi.o(.text)
    .text                                    0x0800027e   Section      238  lludivv7m.o(.text)
    .text                                    0x0800036c   Section        0  _rserrno.o(.text)
    .text                                    0x08000382   Section       68  rt_memclr.o(.text)
    .text                                    0x080003c8   Section        8  rt_errno_addr_intlibspace.o(.text)
    .text                                    0x080003d0   Section       78  rt_memclr_w.o(.text)
    .text                                    0x08000420   Section        8  libspace.o(.text)
    .text                                    0x08000428   Section       74  sys_stackheap_outer.o(.text)
    .text                                    0x08000472   Section        0  exit.o(.text)
    .text                                    0x08000484   Section        0  sys_exit.o(.text)
    .text                                    0x08000490   Section        2  use_no_semi.o(.text)
    .text                                    0x08000492   Section        0  indicate_semi.o(.text)
    i.BusFault_Handler                       0x08000492   Section        0  stm32f10x_it.o(i.BusFault_Handler)
    i.DebugMon_Handler                       0x08000496   Section        0  stm32f10x_it.o(i.DebugMon_Handler)
    i.Delay_ms                               0x08000498   Section        0  delay.o(i.Delay_ms)
    i.Delay_us                               0x080004b0   Section        0  delay.o(i.Delay_us)
    i.GPIO_Init                              0x080004de   Section        0  stm32f10x_gpio.o(i.GPIO_Init)
    i.HardFault_Handler                      0x080005f4   Section        0  stm32f10x_it.o(i.HardFault_Handler)
    i.MPU6050_DMP_Get_Data                   0x080005f8   Section        0  inv_mpu.o(i.MPU6050_DMP_Get_Data)
    i.MPU6050_DMP_Init                       0x0800081c   Section        0  inv_mpu.o(i.MPU6050_DMP_Init)
    i.MPU6050_IIC_IO_Init                    0x0800086c   Section        0  mpu6050_i2c.o(i.MPU6050_IIC_IO_Init)
    i.MPU6050_IIC_Read_Ack                   0x08000898   Section        0  mpu6050_i2c.o(i.MPU6050_IIC_Read_Ack)
    i.MPU6050_IIC_Read_Byte                  0x080008e8   Section        0  mpu6050_i2c.o(i.MPU6050_IIC_Read_Byte)
    i.MPU6050_IIC_SDA_IO_IN                  0x08000948   Section        0  mpu6050_i2c.o(i.MPU6050_IIC_SDA_IO_IN)
    i.MPU6050_IIC_SDA_IO_OUT                 0x08000964   Section        0  mpu6050_i2c.o(i.MPU6050_IIC_SDA_IO_OUT)
    i.MPU6050_IIC_Send_Ack                   0x0800097c   Section        0  mpu6050_i2c.o(i.MPU6050_IIC_Send_Ack)
    i.MPU6050_IIC_Send_Byte                  0x080009b4   Section        0  mpu6050_i2c.o(i.MPU6050_IIC_Send_Byte)
    i.MPU6050_IIC_Start                      0x08000a18   Section        0  mpu6050_i2c.o(i.MPU6050_IIC_Start)
    i.MPU6050_IIC_Stop                       0x08000a50   Section        0  mpu6050_i2c.o(i.MPU6050_IIC_Stop)
    i.MPU6050_Init                           0x08000a8c   Section        0  mpu6050.o(i.MPU6050_Init)
    i.MPU_Set_Accel_Fsr                      0x08000afe   Section        0  mpu6050.o(i.MPU_Set_Accel_Fsr)
    i.MPU_Set_Gyro_Fsr                       0x08000b10   Section        0  mpu6050.o(i.MPU_Set_Gyro_Fsr)
    i.MPU_Set_LPF                            0x08000b22   Section        0  mpu6050.o(i.MPU_Set_LPF)
    i.MPU_Set_Rate                           0x08000b5e   Section        0  mpu6050.o(i.MPU_Set_Rate)
    i.MemManage_Handler                      0x08000b96   Section        0  stm32f10x_it.o(i.MemManage_Handler)
    i.My_GPIO_Init                           0x08000b9c   Section        0  sys.o(i.My_GPIO_Init)
    i.NMI_Handler                            0x08000c4c   Section        0  stm32f10x_it.o(i.NMI_Handler)
    i.PWM_Init                               0x08000c50   Section        0  pwm.o(i.PWM_Init)
    i.PWM_SetCompare1                        0x08000cf0   Section        0  pwm.o(i.PWM_SetCompare1)
    i.PWM_SetCompare2                        0x08000d00   Section        0  pwm.o(i.PWM_SetCompare2)
    i.PWM_SetCompare3                        0x08000d10   Section        0  pwm.o(i.PWM_SetCompare3)
    i.PendSV_Handler                         0x08000d20   Section        0  stm32f10x_it.o(i.PendSV_Handler)
    i.RCC_APB1PeriphClockCmd                 0x08000d24   Section        0  stm32f10x_rcc.o(i.RCC_APB1PeriphClockCmd)
    i.RCC_APB2PeriphClockCmd                 0x08000d44   Section        0  stm32f10x_rcc.o(i.RCC_APB2PeriphClockCmd)
    i.SVC_Handler                            0x08000d64   Section        0  stm32f10x_it.o(i.SVC_Handler)
    i.Servo_Init                             0x08000d66   Section        0  servo.o(i.Servo_Init)
    i.Servo_SetAngle1                        0x08000d70   Section        0  servo.o(i.Servo_SetAngle1)
    i.Servo_SetAngle2                        0x08000dac   Section        0  servo.o(i.Servo_SetAngle2)
    i.Servo_SetAngle3                        0x08000de8   Section        0  servo.o(i.Servo_SetAngle3)
    i.SetSysClock                            0x08000e24   Section        0  system_stm32f10x.o(i.SetSysClock)
    SetSysClock                              0x08000e25   Thumb Code     8  system_stm32f10x.o(i.SetSysClock)
    i.SetSysClockTo72                        0x08000e2c   Section        0  system_stm32f10x.o(i.SetSysClockTo72)
    SetSysClockTo72                          0x08000e2d   Thumb Code   214  system_stm32f10x.o(i.SetSysClockTo72)
    i.SysTick_Handler                        0x08000f0c   Section        0  stm32f10x_it.o(i.SysTick_Handler)
    i.SystemInit                             0x08000f10   Section        0  system_stm32f10x.o(i.SystemInit)
    i.TIM_Cmd                                0x08000f70   Section        0  stm32f10x_tim.o(i.TIM_Cmd)
    i.TIM_InternalClockConfig                0x08000f88   Section        0  stm32f10x_tim.o(i.TIM_InternalClockConfig)
    i.TIM_OC1Init                            0x08000f94   Section        0  stm32f10x_tim.o(i.TIM_OC1Init)
    i.TIM_OC2Init                            0x0800102c   Section        0  stm32f10x_tim.o(i.TIM_OC2Init)
    i.TIM_OCStructInit                       0x080010d0   Section        0  stm32f10x_tim.o(i.TIM_OCStructInit)
    i.TIM_SetCompare1                        0x080010e4   Section        0  stm32f10x_tim.o(i.TIM_SetCompare1)
    i.TIM_SetCompare2                        0x080010e8   Section        0  stm32f10x_tim.o(i.TIM_SetCompare2)
    i.TIM_SetCompare3                        0x080010ec   Section        0  stm32f10x_tim.o(i.TIM_SetCompare3)
    i.TIM_TimeBaseInit                       0x080010f0   Section        0  stm32f10x_tim.o(i.TIM_TimeBaseInit)
    i.UsageFault_Handler                     0x08001194   Section        0  stm32f10x_it.o(i.UsageFault_Handler)
    i.__ARM_fpclassify                       0x08001198   Section        0  fpclassify.o(i.__ARM_fpclassify)
    i.__kernel_poly                          0x080011c0   Section        0  poly.o(i.__kernel_poly)
    i.__mathlib_dbl_infnan                   0x0800126a   Section        0  dunder.o(i.__mathlib_dbl_infnan)
    i.__mathlib_dbl_infnan2                  0x08001270   Section        0  dunder.o(i.__mathlib_dbl_infnan2)
    i.__mathlib_dbl_invalid                  0x08001274   Section        0  dunder.o(i.__mathlib_dbl_invalid)
    i.__mathlib_dbl_underflow                0x08001280   Section        0  dunder.o(i.__mathlib_dbl_underflow)
    i.accel_self_test                        0x08001290   Section        0  inv_mpu.o(i.accel_self_test)
    accel_self_test                          0x08001291   Thumb Code   164  inv_mpu.o(i.accel_self_test)
    i.asin                                   0x08001338   Section        0  asin.o(i.asin)
    i.atan                                   0x080015a8   Section        0  atan.o(i.atan)
    i.atan2                                  0x080017c8   Section        0  atan2.o(i.atan2)
    i.decode_gesture                         0x08001948   Section        0  inv_mpu_dmp_motion_driver.o(i.decode_gesture)
    decode_gesture                           0x08001949   Thumb Code    94  inv_mpu_dmp_motion_driver.o(i.decode_gesture)
    i.delay_ms                               0x080019ac   Section        0  delay.o(i.delay_ms)
    i.delay_us                               0x080019b8   Section        0  delay.o(i.delay_us)
    i.dmp_enable_6x_lp_quat                  0x080019c4   Section        0  inv_mpu_dmp_motion_driver.o(i.dmp_enable_6x_lp_quat)
    i.dmp_enable_feature                     0x08001a00   Section        0  inv_mpu_dmp_motion_driver.o(i.dmp_enable_feature)
    i.dmp_enable_gyro_cal                    0x08001c1c   Section        0  inv_mpu_dmp_motion_driver.o(i.dmp_enable_gyro_cal)
    i.dmp_enable_lp_quat                     0x08001c74   Section        0  inv_mpu_dmp_motion_driver.o(i.dmp_enable_lp_quat)
    i.dmp_load_motion_driver_firmware        0x08001cb0   Section        0  inv_mpu_dmp_motion_driver.o(i.dmp_load_motion_driver_firmware)
    i.dmp_read_fifo                          0x08001cc8   Section        0  inv_mpu_dmp_motion_driver.o(i.dmp_read_fifo)
    i.dmp_set_accel_bias                     0x08001e90   Section        0  inv_mpu_dmp_motion_driver.o(i.dmp_set_accel_bias)
    i.dmp_set_fifo_rate                      0x08001fc0   Section        0  inv_mpu_dmp_motion_driver.o(i.dmp_set_fifo_rate)
    i.dmp_set_gyro_bias                      0x08002030   Section        0  inv_mpu_dmp_motion_driver.o(i.dmp_set_gyro_bias)
    i.dmp_set_orientation                    0x08002160   Section        0  inv_mpu_dmp_motion_driver.o(i.dmp_set_orientation)
    i.dmp_set_shake_reject_thresh            0x08002298   Section        0  inv_mpu_dmp_motion_driver.o(i.dmp_set_shake_reject_thresh)
    i.dmp_set_shake_reject_time              0x080022d0   Section        0  inv_mpu_dmp_motion_driver.o(i.dmp_set_shake_reject_time)
    i.dmp_set_shake_reject_timeout           0x080022f6   Section        0  inv_mpu_dmp_motion_driver.o(i.dmp_set_shake_reject_timeout)
    i.dmp_set_tap_axes                       0x0800231c   Section        0  inv_mpu_dmp_motion_driver.o(i.dmp_set_tap_axes)
    i.dmp_set_tap_count                      0x08002362   Section        0  inv_mpu_dmp_motion_driver.o(i.dmp_set_tap_count)
    i.dmp_set_tap_thresh                     0x08002388   Section        0  inv_mpu_dmp_motion_driver.o(i.dmp_set_tap_thresh)
    i.dmp_set_tap_time                       0x08002528   Section        0  inv_mpu_dmp_motion_driver.o(i.dmp_set_tap_time)
    i.dmp_set_tap_time_multi                 0x0800254e   Section        0  inv_mpu_dmp_motion_driver.o(i.dmp_set_tap_time_multi)
    i.get_accel_prod_shift                   0x08002574   Section        0  inv_mpu.o(i.get_accel_prod_shift)
    get_accel_prod_shift                     0x08002575   Thumb Code   168  inv_mpu.o(i.get_accel_prod_shift)
    i.get_st_biases                          0x08002628   Section        0  inv_mpu.o(i.get_st_biases)
    get_st_biases                            0x08002629   Thumb Code  1132  inv_mpu.o(i.get_st_biases)
    i.gyro_self_test                         0x08002a98   Section        0  inv_mpu.o(i.gyro_self_test)
    gyro_self_test                           0x08002a99   Thumb Code   256  inv_mpu.o(i.gyro_self_test)
    i.inv_orientation_matrix_to_scalar       0x08002ba8   Section        0  inv_mpu.o(i.inv_orientation_matrix_to_scalar)
    i.inv_row_2_scale                        0x08002bd0   Section        0  inv_mpu.o(i.inv_row_2_scale)
    i.main                                   0x08002c20   Section        0  main.o(i.main)
    i.mpu6050_read                           0x08002c8c   Section        0  mpu6050.o(i.mpu6050_read)
    i.mpu6050_read_reg                       0x08002ce8   Section        0  mpu6050.o(i.mpu6050_read_reg)
    i.mpu6050_write                          0x08002cfe   Section        0  mpu6050.o(i.mpu6050_write)
    i.mpu6050_write_reg                      0x08002d42   Section        0  mpu6050.o(i.mpu6050_write_reg)
    i.mpu_configure_fifo                     0x08002d54   Section        0  inv_mpu.o(i.mpu_configure_fifo)
    i.mpu_get_accel_fsr                      0x08002dc4   Section        0  inv_mpu.o(i.mpu_get_accel_fsr)
    i.mpu_get_accel_sens                     0x08002e10   Section        0  inv_mpu.o(i.mpu_get_accel_sens)
    i.mpu_get_fifo_config                    0x08002e64   Section        0  inv_mpu.o(i.mpu_get_fifo_config)
    i.mpu_get_gyro_fsr                       0x08002e74   Section        0  inv_mpu.o(i.mpu_get_gyro_fsr)
    i.mpu_get_gyro_sens                      0x08002eb8   Section        0  inv_mpu.o(i.mpu_get_gyro_sens)
    i.mpu_get_lpf                            0x08002f08   Section        0  inv_mpu.o(i.mpu_get_lpf)
    i.mpu_get_sample_rate                    0x08002f58   Section        0  inv_mpu.o(i.mpu_get_sample_rate)
    i.mpu_init                               0x08002f78   Section        0  inv_mpu.o(i.mpu_init)
    i.mpu_load_firmware                      0x08003108   Section        0  inv_mpu.o(i.mpu_load_firmware)
    i.mpu_lp_accel_mode                      0x080031c0   Section        0  inv_mpu.o(i.mpu_lp_accel_mode)
    i.mpu_read_fifo_stream                   0x080032a0   Section        0  inv_mpu.o(i.mpu_read_fifo_stream)
    i.mpu_read_mem                           0x08003360   Section        0  inv_mpu.o(i.mpu_read_mem)
    i.mpu_reset_fifo                         0x080033e0   Section        0  inv_mpu.o(i.mpu_reset_fifo)
    i.mpu_run_self_test                      0x080035a8   Section        0  inv_mpu.o(i.mpu_run_self_test)
    i.mpu_set_accel_fsr                      0x080036c4   Section        0  inv_mpu.o(i.mpu_set_accel_fsr)
    i.mpu_set_bypass                         0x08003748   Section        0  inv_mpu.o(i.mpu_set_bypass)
    i.mpu_set_dmp_state                      0x08003894   Section        0  inv_mpu.o(i.mpu_set_dmp_state)
    i.mpu_set_gyro_fsr                       0x08003924   Section        0  inv_mpu.o(i.mpu_set_gyro_fsr)
    i.mpu_set_int_latched                    0x080039ac   Section        0  inv_mpu.o(i.mpu_set_int_latched)
    i.mpu_set_lpf                            0x08003a18   Section        0  inv_mpu.o(i.mpu_set_lpf)
    i.mpu_set_sample_rate                    0x08003a9c   Section        0  inv_mpu.o(i.mpu_set_sample_rate)
    i.mpu_set_sensors                        0x08003b38   Section        0  inv_mpu.o(i.mpu_set_sensors)
    i.mpu_write_mem                          0x08003c08   Section        0  inv_mpu.o(i.mpu_write_mem)
    i.power                                  0x08003c88   Section        0  sys.o(i.power)
    i.run_self_test                          0x08003c9c   Section        0  inv_mpu.o(i.run_self_test)
    i.set_int_enable                         0x08003d30   Section        0  inv_mpu.o(i.set_int_enable)
    set_int_enable                           0x08003d31   Thumb Code   138  inv_mpu.o(i.set_int_enable)
    i.sqrt                                   0x08003dc0   Section        0  sqrt.o(i.sqrt)
    x$fpl$d2f                                0x08003e0c   Section       98  d2f.o(x$fpl$d2f)
    x$fpl$dadd                               0x08003e70   Section      336  daddsub_clz.o(x$fpl$dadd)
    _dadd1                                   0x08003e81   Thumb Code     0  daddsub_clz.o(x$fpl$dadd)
    x$fpl$dcheck1                            0x08003fc0   Section       16  dcheck1.o(x$fpl$dcheck1)
    x$fpl$ddiv                               0x08003fd0   Section      688  ddiv.o(x$fpl$ddiv)
    ddiv_entry                               0x08003fd7   Thumb Code     0  ddiv.o(x$fpl$ddiv)
    x$fpl$dmul                               0x08004280   Section      340  dmul.o(x$fpl$dmul)
    x$fpl$dnaninf                            0x080043d4   Section      156  dnaninf.o(x$fpl$dnaninf)
    x$fpl$dretinf                            0x08004470   Section       12  dretinf.o(x$fpl$dretinf)
    x$fpl$drsb                               0x0800447c   Section       22  daddsub_clz.o(x$fpl$drsb)
    x$fpl$dsqrt                              0x08004494   Section      460  dsqrt_noumaal.o(x$fpl$dsqrt)
    x$fpl$dsub                               0x08004660   Section      468  daddsub_clz.o(x$fpl$dsub)
    _dsub1                                   0x08004671   Thumb Code     0  daddsub_clz.o(x$fpl$dsub)
    x$fpl$f2d                                0x08004834   Section       86  f2d.o(x$fpl$f2d)
    x$fpl$fadd                               0x0800488c   Section      196  faddsub_clz.o(x$fpl$fadd)
    _fadd1                                   0x0800489b   Thumb Code     0  faddsub_clz.o(x$fpl$fadd)
    x$fpl$fcmpinf                            0x08004950   Section       24  fcmpi.o(x$fpl$fcmpinf)
    x$fpl$fdiv                               0x08004968   Section      388  fdiv.o(x$fpl$fdiv)
    _fdiv1                                   0x08004969   Thumb Code     0  fdiv.o(x$fpl$fdiv)
    x$fpl$feqf                               0x08004aec   Section      104  feqf.o(x$fpl$feqf)
    x$fpl$ffix                               0x08004b54   Section       54  ffix.o(x$fpl$ffix)
    x$fpl$ffixu                              0x08004b8c   Section       62  ffixu.o(x$fpl$ffixu)
    x$fpl$fflt                               0x08004bcc   Section       48  fflt_clz.o(x$fpl$fflt)
    x$fpl$ffltu                              0x08004bfc   Section       38  fflt_clz.o(x$fpl$ffltu)
    x$fpl$fleqf                              0x08004c24   Section      104  fleqf.o(x$fpl$fleqf)
    x$fpl$fmul                               0x08004c8c   Section      258  fmul.o(x$fpl$fmul)
    x$fpl$fnaninf                            0x08004d8e   Section      140  fnaninf.o(x$fpl$fnaninf)
    x$fpl$fretinf                            0x08004e1a   Section       10  fretinf.o(x$fpl$fretinf)
    x$fpl$frleqf                             0x08004e24   Section       98  frleqf.o(x$fpl$frleqf)
    x$fpl$fsub                               0x08004e88   Section      234  faddsub_clz.o(x$fpl$fsub)
    _fsub1                                   0x08004e97   Thumb Code     0  faddsub_clz.o(x$fpl$fsub)
    x$fpl$retnan                             0x08004f72   Section      100  retnan.o(x$fpl$retnan)
    x$fpl$scalbn                             0x08004fd6   Section       92  scalbn.o(x$fpl$scalbn)
    x$fpl$trapveneer                         0x08005032   Section       48  trapv.o(x$fpl$trapveneer)
    x$fpl$usenofp                            0x08005062   Section        0  usenofp.o(x$fpl$usenofp)
    .constdata                               0x08005064   Section       80  inv_mpu.o(.constdata)
    .constdata                               0x080050b4   Section     3062  inv_mpu_dmp_motion_driver.o(.constdata)
    dmp_memory                               0x080050b4   Data        3062  inv_mpu_dmp_motion_driver.o(.constdata)
    .constdata                               0x08005cb0   Section       80  asin.o(.constdata)
    pS                                       0x08005cb0   Data          48  asin.o(.constdata)
    qS                                       0x08005ce0   Data          32  asin.o(.constdata)
    .constdata                               0x08005d00   Section      152  atan.o(.constdata)
    atanhi                                   0x08005d00   Data          32  atan.o(.constdata)
    atanlo                                   0x08005d20   Data          32  atan.o(.constdata)
    aTodd                                    0x08005d40   Data          40  atan.o(.constdata)
    aTeven                                   0x08005d68   Data          48  atan.o(.constdata)
    .constdata                               0x08005d98   Section        8  qnan.o(.constdata)
    .data                                    0x20000000   Section       12  main.o(.data)
    .data                                    0x2000000c   Section       53  inv_mpu.o(.data)
    st                                       0x2000000c   Data          44  inv_mpu.o(.data)
    gyro_orientation                         0x20000038   Data           9  inv_mpu.o(.data)
    .bss                                     0x20000044   Section       16  inv_mpu_dmp_motion_driver.o(.bss)
    dmp                                      0x20000044   Data          16  inv_mpu_dmp_motion_driver.o(.bss)
    .bss                                     0x20000054   Section       96  libspace.o(.bss)
    HEAP                                     0x200000b8   Section      512  startup_stm32f10x_md.o(HEAP)
    Heap_Mem                                 0x200000b8   Data         512  startup_stm32f10x_md.o(HEAP)
    STACK                                    0x200002b8   Section     1024  startup_stm32f10x_md.o(STACK)
    Stack_Mem                                0x200002b8   Data        1024  startup_stm32f10x_md.o(STACK)
    __initial_sp                             0x200006b8   Data           0  startup_stm32f10x_md.o(STACK)

    Global Symbols

    Symbol Name                              Value     Ov Type        Size  Object(Section)

    BuildAttributes$$THM_ISAv4$P$D$K$B$S$PE$A:L22UL41UL21$X:L11$S22US41US21$IEEE1$IW$USESV6$~STKCKD$USESV7$~SHL$OTIME$ROPI$IEEEX$EBA8$UX$STANDARDLIB$REQ8$PRES8$EABIv2 0x00000000   Number         0  anon$$obj.o ABSOLUTE
    __ARM_use_no_argv                        0x00000000   Number         0  main.o ABSOLUTE
    __ARM_exceptions_init                     - Undefined Weak Reference
    __alloca_initialize                       - Undefined Weak Reference
    __arm_preinit_                            - Undefined Weak Reference
    __cpp_initialize__aeabi_                  - Undefined Weak Reference
    __cxa_finalize                            - Undefined Weak Reference
    __rt_locale                               - Undefined Weak Reference
    __sigvec_lookup                           - Undefined Weak Reference
    _atexit_init                              - Undefined Weak Reference
    _call_atexit_fns                          - Undefined Weak Reference
    _clock_init                               - Undefined Weak Reference
    _fp_trap_init                             - Undefined Weak Reference
    _fp_trap_shutdown                         - Undefined Weak Reference
    _get_lc_collate                           - Undefined Weak Reference
    _get_lc_ctype                             - Undefined Weak Reference
    _get_lc_monetary                          - Undefined Weak Reference
    _get_lc_numeric                           - Undefined Weak Reference
    _get_lc_time                              - Undefined Weak Reference
    _getenv_init                              - Undefined Weak Reference
    _handle_redirection                       - Undefined Weak Reference
    _init_alloc                               - Undefined Weak Reference
    _init_user_alloc                          - Undefined Weak Reference
    _initio                                   - Undefined Weak Reference
    _rand_init                                - Undefined Weak Reference
    _signal_finish                            - Undefined Weak Reference
    _signal_init                              - Undefined Weak Reference
    _terminate_alloc                          - Undefined Weak Reference
    _terminate_user_alloc                     - Undefined Weak Reference
    _terminateio                              - Undefined Weak Reference
    __Vectors_Size                           0x000000ec   Number         0  startup_stm32f10x_md.o ABSOLUTE
    __Vectors                                0x08000000   Data           4  startup_stm32f10x_md.o(RESET)
    __Vectors_End                            0x080000ec   Data           0  startup_stm32f10x_md.o(RESET)
    __main                                   0x080000ed   Thumb Code     8  __main.o(!!!main)
    __scatterload                            0x080000f5   Thumb Code     0  __scatter.o(!!!scatter)
    __scatterload_rt2                        0x080000f5   Thumb Code    44  __scatter.o(!!!scatter)
    __scatterload_rt2_thumb_only             0x080000f5   Thumb Code     0  __scatter.o(!!!scatter)
    __scatterload_null                       0x08000103   Thumb Code     0  __scatter.o(!!!scatter)
    __scatterload_copy                       0x08000129   Thumb Code    26  __scatter_copy.o(!!handler_copy)
    __scatterload_zeroinit                   0x08000145   Thumb Code    28  __scatter_zi.o(!!handler_zi)
    __rt_lib_init                            0x08000161   Thumb Code     0  libinit.o(.ARM.Collect$$libinit$$00000000)
    __rt_lib_init_alloca_1                   0x08000163   Thumb Code     0  libinit2.o(.ARM.Collect$$libinit$$0000002E)
    __rt_lib_init_argv_1                     0x08000163   Thumb Code     0  libinit2.o(.ARM.Collect$$libinit$$0000002C)
    __rt_lib_init_atexit_1                   0x08000163   Thumb Code     0  libinit2.o(.ARM.Collect$$libinit$$0000001B)
    __rt_lib_init_clock_1                    0x08000163   Thumb Code     0  libinit2.o(.ARM.Collect$$libinit$$00000021)
    __rt_lib_init_cpp_1                      0x08000163   Thumb Code     0  libinit2.o(.ARM.Collect$$libinit$$00000032)
    __rt_lib_init_exceptions_1               0x08000163   Thumb Code     0  libinit2.o(.ARM.Collect$$libinit$$00000030)
    __rt_lib_init_fp_1                       0x08000163   Thumb Code     0  libinit2.o(.ARM.Collect$$libinit$$00000002)
    __rt_lib_init_fp_trap_1                  0x08000163   Thumb Code     0  libinit2.o(.ARM.Collect$$libinit$$0000001F)
    __rt_lib_init_getenv_1                   0x08000163   Thumb Code     0  libinit2.o(.ARM.Collect$$libinit$$00000023)
    __rt_lib_init_heap_1                     0x08000163   Thumb Code     0  libinit2.o(.ARM.Collect$$libinit$$0000000A)
    __rt_lib_init_lc_collate_1               0x08000163   Thumb Code     0  libinit2.o(.ARM.Collect$$libinit$$00000011)
    __rt_lib_init_lc_ctype_1                 0x08000163   Thumb Code     0  libinit2.o(.ARM.Collect$$libinit$$00000013)
    __rt_lib_init_lc_monetary_1              0x08000163   Thumb Code     0  libinit2.o(.ARM.Collect$$libinit$$00000015)
    __rt_lib_init_lc_numeric_1               0x08000163   Thumb Code     0  libinit2.o(.ARM.Collect$$libinit$$00000017)
    __rt_lib_init_lc_time_1                  0x08000163   Thumb Code     0  libinit2.o(.ARM.Collect$$libinit$$00000019)
    __rt_lib_init_preinit_1                  0x08000163   Thumb Code     0  libinit2.o(.ARM.Collect$$libinit$$00000004)
    __rt_lib_init_rand_1                     0x08000163   Thumb Code     0  libinit2.o(.ARM.Collect$$libinit$$0000000E)
    __rt_lib_init_return                     0x08000163   Thumb Code     0  libinit2.o(.ARM.Collect$$libinit$$00000033)
    __rt_lib_init_signal_1                   0x08000163   Thumb Code     0  libinit2.o(.ARM.Collect$$libinit$$0000001D)
    __rt_lib_init_stdio_1                    0x08000163   Thumb Code     0  libinit2.o(.ARM.Collect$$libinit$$00000025)
    __rt_lib_init_user_alloc_1               0x08000163   Thumb Code     0  libinit2.o(.ARM.Collect$$libinit$$0000000C)
    __rt_lib_shutdown                        0x08000165   Thumb Code     0  libshutdown.o(.ARM.Collect$$libshutdown$$00000000)
    __rt_lib_shutdown_cpp_1                  0x08000167   Thumb Code     0  libshutdown2.o(.ARM.Collect$$libshutdown$$00000002)
    __rt_lib_shutdown_fp_trap_1              0x08000167   Thumb Code     0  libshutdown2.o(.ARM.Collect$$libshutdown$$00000007)
    __rt_lib_shutdown_heap_1                 0x08000167   Thumb Code     0  libshutdown2.o(.ARM.Collect$$libshutdown$$0000000F)
    __rt_lib_shutdown_return                 0x08000167   Thumb Code     0  libshutdown2.o(.ARM.Collect$$libshutdown$$00000010)
    __rt_lib_shutdown_signal_1               0x08000167   Thumb Code     0  libshutdown2.o(.ARM.Collect$$libshutdown$$0000000A)
    __rt_lib_shutdown_stdio_1                0x08000167   Thumb Code     0  libshutdown2.o(.ARM.Collect$$libshutdown$$00000004)
    __rt_lib_shutdown_user_alloc_1           0x08000167   Thumb Code     0  libshutdown2.o(.ARM.Collect$$libshutdown$$0000000C)
    __rt_entry                               0x08000169   Thumb Code     0  __rtentry.o(.ARM.Collect$$rtentry$$00000000)
    __rt_entry_presh_1                       0x08000169   Thumb Code     0  __rtentry2.o(.ARM.Collect$$rtentry$$00000002)
    __rt_entry_sh                            0x08000169   Thumb Code     0  __rtentry4.o(.ARM.Collect$$rtentry$$00000004)
    __rt_entry_li                            0x0800016f   Thumb Code     0  __rtentry2.o(.ARM.Collect$$rtentry$$0000000A)
    __rt_entry_postsh_1                      0x0800016f   Thumb Code     0  __rtentry2.o(.ARM.Collect$$rtentry$$00000009)
    __rt_entry_main                          0x08000173   Thumb Code     0  __rtentry2.o(.ARM.Collect$$rtentry$$0000000D)
    __rt_entry_postli_1                      0x08000173   Thumb Code     0  __rtentry2.o(.ARM.Collect$$rtentry$$0000000C)
    __rt_exit                                0x0800017b   Thumb Code     0  rtexit.o(.ARM.Collect$$rtexit$$00000000)
    __rt_exit_ls                             0x0800017d   Thumb Code     0  rtexit2.o(.ARM.Collect$$rtexit$$00000003)
    __rt_exit_prels_1                        0x0800017d   Thumb Code     0  rtexit2.o(.ARM.Collect$$rtexit$$00000002)
    __rt_exit_exit                           0x08000181   Thumb Code     0  rtexit2.o(.ARM.Collect$$rtexit$$00000004)
    Reset_Handler                            0x08000189   Thumb Code     8  startup_stm32f10x_md.o(.text)
    ADC1_2_IRQHandler                        0x080001a3   Thumb Code     0  startup_stm32f10x_md.o(.text)
    CAN1_RX1_IRQHandler                      0x080001a3   Thumb Code     0  startup_stm32f10x_md.o(.text)
    CAN1_SCE_IRQHandler                      0x080001a3   Thumb Code     0  startup_stm32f10x_md.o(.text)
    DMA1_Channel1_IRQHandler                 0x080001a3   Thumb Code     0  startup_stm32f10x_md.o(.text)
    DMA1_Channel2_IRQHandler                 0x080001a3   Thumb Code     0  startup_stm32f10x_md.o(.text)
    DMA1_Channel3_IRQHandler                 0x080001a3   Thumb Code     0  startup_stm32f10x_md.o(.text)
    DMA1_Channel4_IRQHandler                 0x080001a3   Thumb Code     0  startup_stm32f10x_md.o(.text)
    DMA1_Channel5_IRQHandler                 0x080001a3   Thumb Code     0  startup_stm32f10x_md.o(.text)
    DMA1_Channel6_IRQHandler                 0x080001a3   Thumb Code     0  startup_stm32f10x_md.o(.text)
    DMA1_Channel7_IRQHandler                 0x080001a3   Thumb Code     0  startup_stm32f10x_md.o(.text)
    EXTI0_IRQHandler                         0x080001a3   Thumb Code     0  startup_stm32f10x_md.o(.text)
    EXTI15_10_IRQHandler                     0x080001a3   Thumb Code     0  startup_stm32f10x_md.o(.text)
    EXTI1_IRQHandler                         0x080001a3   Thumb Code     0  startup_stm32f10x_md.o(.text)
    EXTI2_IRQHandler                         0x080001a3   Thumb Code     0  startup_stm32f10x_md.o(.text)
    EXTI3_IRQHandler                         0x080001a3   Thumb Code     0  startup_stm32f10x_md.o(.text)
    EXTI4_IRQHandler                         0x080001a3   Thumb Code     0  startup_stm32f10x_md.o(.text)
    EXTI9_5_IRQHandler                       0x080001a3   Thumb Code     0  startup_stm32f10x_md.o(.text)
    FLASH_IRQHandler                         0x080001a3   Thumb Code     0  startup_stm32f10x_md.o(.text)
    I2C1_ER_IRQHandler                       0x080001a3   Thumb Code     0  startup_stm32f10x_md.o(.text)
    I2C1_EV_IRQHandler                       0x080001a3   Thumb Code     0  startup_stm32f10x_md.o(.text)
    I2C2_ER_IRQHandler                       0x080001a3   Thumb Code     0  startup_stm32f10x_md.o(.text)
    I2C2_EV_IRQHandler                       0x080001a3   Thumb Code     0  startup_stm32f10x_md.o(.text)
    PVD_IRQHandler                           0x080001a3   Thumb Code     0  startup_stm32f10x_md.o(.text)
    RCC_IRQHandler                           0x080001a3   Thumb Code     0  startup_stm32f10x_md.o(.text)
    RTCAlarm_IRQHandler                      0x080001a3   Thumb Code     0  startup_stm32f10x_md.o(.text)
    RTC_IRQHandler                           0x080001a3   Thumb Code     0  startup_stm32f10x_md.o(.text)
    SPI1_IRQHandler                          0x080001a3   Thumb Code     0  startup_stm32f10x_md.o(.text)
    SPI2_IRQHandler                          0x080001a3   Thumb Code     0  startup_stm32f10x_md.o(.text)
    TAMPER_IRQHandler                        0x080001a3   Thumb Code     0  startup_stm32f10x_md.o(.text)
    TIM1_BRK_IRQHandler                      0x080001a3   Thumb Code     0  startup_stm32f10x_md.o(.text)
    TIM1_CC_IRQHandler                       0x080001a3   Thumb Code     0  startup_stm32f10x_md.o(.text)
    TIM1_TRG_COM_IRQHandler                  0x080001a3   Thumb Code     0  startup_stm32f10x_md.o(.text)
    TIM1_UP_IRQHandler                       0x080001a3   Thumb Code     0  startup_stm32f10x_md.o(.text)
    TIM2_IRQHandler                          0x080001a3   Thumb Code     0  startup_stm32f10x_md.o(.text)
    TIM3_IRQHandler                          0x080001a3   Thumb Code     0  startup_stm32f10x_md.o(.text)
    TIM4_IRQHandler                          0x080001a3   Thumb Code     0  startup_stm32f10x_md.o(.text)
    USART1_IRQHandler                        0x080001a3   Thumb Code     0  startup_stm32f10x_md.o(.text)
    USART2_IRQHandler                        0x080001a3   Thumb Code     0  startup_stm32f10x_md.o(.text)
    USART3_IRQHandler                        0x080001a3   Thumb Code     0  startup_stm32f10x_md.o(.text)
    USBWakeUp_IRQHandler                     0x080001a3   Thumb Code     0  startup_stm32f10x_md.o(.text)
    USB_HP_CAN1_TX_IRQHandler                0x080001a3   Thumb Code     0  startup_stm32f10x_md.o(.text)
    USB_LP_CAN1_RX0_IRQHandler               0x080001a3   Thumb Code     0  startup_stm32f10x_md.o(.text)
    WWDG_IRQHandler                          0x080001a3   Thumb Code     0  startup_stm32f10x_md.o(.text)
    __user_initial_stackheap                 0x080001a5   Thumb Code     0  startup_stm32f10x_md.o(.text)
    __aeabi_ldivmod                          0x080001c9   Thumb Code     0  llsdiv.o(.text)
    _ll_sdiv                                 0x080001c9   Thumb Code    72  llsdiv.o(.text)
    memcmp                                   0x08000211   Thumb Code    88  memcmp.o(.text)
    __aeabi_memset                           0x08000269   Thumb Code    16  aeabi_memset.o(.text)
    __use_two_region_memory                  0x08000279   Thumb Code     2  heapauxi.o(.text)
    __rt_heap_escrow$2region                 0x0800027b   Thumb Code     2  heapauxi.o(.text)
    __rt_heap_expand$2region                 0x0800027d   Thumb Code     2  heapauxi.o(.text)
    __aeabi_uldivmod                         0x0800027f   Thumb Code     0  lludivv7m.o(.text)
    _ll_udiv                                 0x0800027f   Thumb Code   238  lludivv7m.o(.text)
    __read_errno                             0x0800036d   Thumb Code    10  _rserrno.o(.text)
    __set_errno                              0x08000377   Thumb Code    12  _rserrno.o(.text)
    __aeabi_memclr                           0x08000383   Thumb Code     0  rt_memclr.o(.text)
    __rt_memclr                              0x08000383   Thumb Code    68  rt_memclr.o(.text)
    _memset                                  0x08000387   Thumb Code     0  rt_memclr.o(.text)
    __aeabi_errno_addr                       0x080003c9   Thumb Code     8  rt_errno_addr_intlibspace.o(.text)
    __errno$intlibspace                      0x080003c9   Thumb Code     0  rt_errno_addr_intlibspace.o(.text)
    __rt_errno_addr$intlibspace              0x080003c9   Thumb Code     0  rt_errno_addr_intlibspace.o(.text)
    __aeabi_memclr4                          0x080003d1   Thumb Code     0  rt_memclr_w.o(.text)
    __aeabi_memclr8                          0x080003d1   Thumb Code     0  rt_memclr_w.o(.text)
    __rt_memclr_w                            0x080003d1   Thumb Code    78  rt_memclr_w.o(.text)
    _memset_w                                0x080003d5   Thumb Code     0  rt_memclr_w.o(.text)
    __user_libspace                          0x08000421   Thumb Code     8  libspace.o(.text)
    __user_perproc_libspace                  0x08000421   Thumb Code     0  libspace.o(.text)
    __user_perthread_libspace                0x08000421   Thumb Code     0  libspace.o(.text)
    __user_setup_stackheap                   0x08000429   Thumb Code    74  sys_stackheap_outer.o(.text)
    exit                                     0x08000473   Thumb Code    18  exit.o(.text)
    _sys_exit                                0x08000485   Thumb Code     8  sys_exit.o(.text)
    __I$use$semihosting                      0x08000491   Thumb Code     0  use_no_semi.o(.text)
    __use_no_semihosting_swi                 0x08000491   Thumb Code     2  use_no_semi.o(.text)
    BusFault_Handler                         0x08000493   Thumb Code     4  stm32f10x_it.o(i.BusFault_Handler)
    __semihosting_library_function           0x08000493   Thumb Code     0  indicate_semi.o(.text)
    DebugMon_Handler                         0x08000497   Thumb Code     2  stm32f10x_it.o(i.DebugMon_Handler)
    Delay_ms                                 0x08000499   Thumb Code    24  delay.o(i.Delay_ms)
    Delay_us                                 0x080004b1   Thumb Code    46  delay.o(i.Delay_us)
    GPIO_Init                                0x080004df   Thumb Code   278  stm32f10x_gpio.o(i.GPIO_Init)
    HardFault_Handler                        0x080005f5   Thumb Code     4  stm32f10x_it.o(i.HardFault_Handler)
    MPU6050_DMP_Get_Data                     0x080005f9   Thumb Code   544  inv_mpu.o(i.MPU6050_DMP_Get_Data)
    MPU6050_DMP_Init                         0x0800081d   Thumb Code    74  inv_mpu.o(i.MPU6050_DMP_Init)
    MPU6050_IIC_IO_Init                      0x0800086d   Thumb Code    32  mpu6050_i2c.o(i.MPU6050_IIC_IO_Init)
    MPU6050_IIC_Read_Ack                     0x08000899   Thumb Code    72  mpu6050_i2c.o(i.MPU6050_IIC_Read_Ack)
    MPU6050_IIC_Read_Byte                    0x080008e9   Thumb Code    86  mpu6050_i2c.o(i.MPU6050_IIC_Read_Byte)
    MPU6050_IIC_SDA_IO_IN                    0x08000949   Thumb Code    22  mpu6050_i2c.o(i.MPU6050_IIC_SDA_IO_IN)
    MPU6050_IIC_SDA_IO_OUT                   0x08000965   Thumb Code    20  mpu6050_i2c.o(i.MPU6050_IIC_SDA_IO_OUT)
    MPU6050_IIC_Send_Ack                     0x0800097d   Thumb Code    48  mpu6050_i2c.o(i.MPU6050_IIC_Send_Ack)
    MPU6050_IIC_Send_Byte                    0x080009b5   Thumb Code    90  mpu6050_i2c.o(i.MPU6050_IIC_Send_Byte)
    MPU6050_IIC_Start                        0x08000a19   Thumb Code    46  mpu6050_i2c.o(i.MPU6050_IIC_Start)
    MPU6050_IIC_Stop                         0x08000a51   Thumb Code    52  mpu6050_i2c.o(i.MPU6050_IIC_Stop)
    MPU6050_Init                             0x08000a8d   Thumb Code   114  mpu6050.o(i.MPU6050_Init)
    MPU_Set_Accel_Fsr                        0x08000aff   Thumb Code    18  mpu6050.o(i.MPU_Set_Accel_Fsr)
    MPU_Set_Gyro_Fsr                         0x08000b11   Thumb Code    18  mpu6050.o(i.MPU_Set_Gyro_Fsr)
    MPU_Set_LPF                              0x08000b23   Thumb Code    60  mpu6050.o(i.MPU_Set_LPF)
    MPU_Set_Rate                             0x08000b5f   Thumb Code    56  mpu6050.o(i.MPU_Set_Rate)
    MemManage_Handler                        0x08000b97   Thumb Code     4  stm32f10x_it.o(i.MemManage_Handler)
    My_GPIO_Init                             0x08000b9d   Thumb Code   172  sys.o(i.My_GPIO_Init)
    NMI_Handler                              0x08000c4d   Thumb Code     2  stm32f10x_it.o(i.NMI_Handler)
    PWM_Init                                 0x08000c51   Thumb Code   156  pwm.o(i.PWM_Init)
    PWM_SetCompare1                          0x08000cf1   Thumb Code    16  pwm.o(i.PWM_SetCompare1)
    PWM_SetCompare2                          0x08000d01   Thumb Code    16  pwm.o(i.PWM_SetCompare2)
    PWM_SetCompare3                          0x08000d11   Thumb Code    16  pwm.o(i.PWM_SetCompare3)
    PendSV_Handler                           0x08000d21   Thumb Code     2  stm32f10x_it.o(i.PendSV_Handler)
    RCC_APB1PeriphClockCmd                   0x08000d25   Thumb Code    26  stm32f10x_rcc.o(i.RCC_APB1PeriphClockCmd)
    RCC_APB2PeriphClockCmd                   0x08000d45   Thumb Code    26  stm32f10x_rcc.o(i.RCC_APB2PeriphClockCmd)
    SVC_Handler                              0x08000d65   Thumb Code     2  stm32f10x_it.o(i.SVC_Handler)
    Servo_Init                               0x08000d67   Thumb Code     8  servo.o(i.Servo_Init)
    Servo_SetAngle1                          0x08000d71   Thumb Code    48  servo.o(i.Servo_SetAngle1)
    Servo_SetAngle2                          0x08000dad   Thumb Code    48  servo.o(i.Servo_SetAngle2)
    Servo_SetAngle3                          0x08000de9   Thumb Code    48  servo.o(i.Servo_SetAngle3)
    SysTick_Handler                          0x08000f0d   Thumb Code     2  stm32f10x_it.o(i.SysTick_Handler)
    SystemInit                               0x08000f11   Thumb Code    78  system_stm32f10x.o(i.SystemInit)
    TIM_Cmd                                  0x08000f71   Thumb Code    24  stm32f10x_tim.o(i.TIM_Cmd)
    TIM_InternalClockConfig                  0x08000f89   Thumb Code    12  stm32f10x_tim.o(i.TIM_InternalClockConfig)
    TIM_OC1Init                              0x08000f95   Thumb Code   132  stm32f10x_tim.o(i.TIM_OC1Init)
    TIM_OC2Init                              0x0800102d   Thumb Code   154  stm32f10x_tim.o(i.TIM_OC2Init)
    TIM_OCStructInit                         0x080010d1   Thumb Code    20  stm32f10x_tim.o(i.TIM_OCStructInit)
    TIM_SetCompare1                          0x080010e5   Thumb Code     4  stm32f10x_tim.o(i.TIM_SetCompare1)
    TIM_SetCompare2                          0x080010e9   Thumb Code     4  stm32f10x_tim.o(i.TIM_SetCompare2)
    TIM_SetCompare3                          0x080010ed   Thumb Code     4  stm32f10x_tim.o(i.TIM_SetCompare3)
    TIM_TimeBaseInit                         0x080010f1   Thumb Code   122  stm32f10x_tim.o(i.TIM_TimeBaseInit)
    UsageFault_Handler                       0x08001195   Thumb Code     4  stm32f10x_it.o(i.UsageFault_Handler)
    __ARM_fpclassify                         0x08001199   Thumb Code    40  fpclassify.o(i.__ARM_fpclassify)
    __kernel_poly                            0x080011c1   Thumb Code   170  poly.o(i.__kernel_poly)
    __mathlib_dbl_infnan                     0x0800126b   Thumb Code     6  dunder.o(i.__mathlib_dbl_infnan)
    __mathlib_dbl_infnan2                    0x08001271   Thumb Code     4  dunder.o(i.__mathlib_dbl_infnan2)
    __mathlib_dbl_invalid                    0x08001275   Thumb Code    12  dunder.o(i.__mathlib_dbl_invalid)
    __mathlib_dbl_underflow                  0x08001281   Thumb Code    10  dunder.o(i.__mathlib_dbl_underflow)
    asin                                     0x08001339   Thumb Code   572  asin.o(i.asin)
    atan                                     0x080015a9   Thumb Code   474  atan.o(i.atan)
    atan2                                    0x080017c9   Thumb Code   346  atan2.o(i.atan2)
    delay_ms                                 0x080019ad   Thumb Code    12  delay.o(i.delay_ms)
    delay_us                                 0x080019b9   Thumb Code    12  delay.o(i.delay_us)
    dmp_enable_6x_lp_quat                    0x080019c5   Thumb Code    60  inv_mpu_dmp_motion_driver.o(i.dmp_enable_6x_lp_quat)
    dmp_enable_feature                       0x08001a01   Thumb Code   530  inv_mpu_dmp_motion_driver.o(i.dmp_enable_feature)
    dmp_enable_gyro_cal                      0x08001c1d   Thumb Code    62  inv_mpu_dmp_motion_driver.o(i.dmp_enable_gyro_cal)
    dmp_enable_lp_quat                       0x08001c75   Thumb Code    60  inv_mpu_dmp_motion_driver.o(i.dmp_enable_lp_quat)
    dmp_load_motion_driver_firmware          0x08001cb1   Thumb Code    20  inv_mpu_dmp_motion_driver.o(i.dmp_load_motion_driver_firmware)
    dmp_read_fifo                            0x08001cc9   Thumb Code   450  inv_mpu_dmp_motion_driver.o(i.dmp_read_fifo)
    dmp_set_accel_bias                       0x08001e91   Thumb Code   300  inv_mpu_dmp_motion_driver.o(i.dmp_set_accel_bias)
    dmp_set_fifo_rate                        0x08001fc1   Thumb Code    96  inv_mpu_dmp_motion_driver.o(i.dmp_set_fifo_rate)
    dmp_set_gyro_bias                        0x08002031   Thumb Code   294  inv_mpu_dmp_motion_driver.o(i.dmp_set_gyro_bias)
    dmp_set_orientation                      0x08002161   Thumb Code   290  inv_mpu_dmp_motion_driver.o(i.dmp_set_orientation)
    dmp_set_shake_reject_thresh              0x08002299   Thumb Code    56  inv_mpu_dmp_motion_driver.o(i.dmp_set_shake_reject_thresh)
    dmp_set_shake_reject_time                0x080022d1   Thumb Code    38  inv_mpu_dmp_motion_driver.o(i.dmp_set_shake_reject_time)
    dmp_set_shake_reject_timeout             0x080022f7   Thumb Code    38  inv_mpu_dmp_motion_driver.o(i.dmp_set_shake_reject_timeout)
    dmp_set_tap_axes                         0x0800231d   Thumb Code    70  inv_mpu_dmp_motion_driver.o(i.dmp_set_tap_axes)
    dmp_set_tap_count                        0x08002363   Thumb Code    38  inv_mpu_dmp_motion_driver.o(i.dmp_set_tap_count)
    dmp_set_tap_thresh                       0x08002389   Thumb Code   396  inv_mpu_dmp_motion_driver.o(i.dmp_set_tap_thresh)
    dmp_set_tap_time                         0x08002529   Thumb Code    38  inv_mpu_dmp_motion_driver.o(i.dmp_set_tap_time)
    dmp_set_tap_time_multi                   0x0800254f   Thumb Code    38  inv_mpu_dmp_motion_driver.o(i.dmp_set_tap_time_multi)
    inv_orientation_matrix_to_scalar         0x08002ba9   Thumb Code    40  inv_mpu.o(i.inv_orientation_matrix_to_scalar)
    inv_row_2_scale                          0x08002bd1   Thumb Code    78  inv_mpu.o(i.inv_row_2_scale)
    main                                     0x08002c21   Thumb Code    92  main.o(i.main)
    mpu6050_read                             0x08002c8d   Thumb Code    92  mpu6050.o(i.mpu6050_read)
    mpu6050_read_reg                         0x08002ce9   Thumb Code    22  mpu6050.o(i.mpu6050_read_reg)
    mpu6050_write                            0x08002cff   Thumb Code    68  mpu6050.o(i.mpu6050_write)
    mpu6050_write_reg                        0x08002d43   Thumb Code    18  mpu6050.o(i.mpu6050_write_reg)
    mpu_configure_fifo                       0x08002d55   Thumb Code   106  inv_mpu.o(i.mpu_configure_fifo)
    mpu_get_accel_fsr                        0x08002dc5   Thumb Code    72  inv_mpu.o(i.mpu_get_accel_fsr)
    mpu_get_accel_sens                       0x08002e11   Thumb Code    78  inv_mpu.o(i.mpu_get_accel_sens)
    mpu_get_fifo_config                      0x08002e65   Thumb Code    12  inv_mpu.o(i.mpu_get_fifo_config)
    mpu_get_gyro_fsr                         0x08002e75   Thumb Code    64  inv_mpu.o(i.mpu_get_gyro_fsr)
    mpu_get_gyro_sens                        0x08002eb9   Thumb Code    58  inv_mpu.o(i.mpu_get_gyro_sens)
    mpu_get_lpf                              0x08002f09   Thumb Code    74  inv_mpu.o(i.mpu_get_lpf)
    mpu_get_sample_rate                      0x08002f59   Thumb Code    26  inv_mpu.o(i.mpu_get_sample_rate)
    mpu_init                                 0x08002f79   Thumb Code   396  inv_mpu.o(i.mpu_init)
    mpu_load_firmware                        0x08003109   Thumb Code   180  inv_mpu.o(i.mpu_load_firmware)
    mpu_lp_accel_mode                        0x080031c1   Thumb Code   218  inv_mpu.o(i.mpu_lp_accel_mode)
    mpu_read_fifo_stream                     0x080032a1   Thumb Code   186  inv_mpu.o(i.mpu_read_fifo_stream)
    mpu_read_mem                             0x08003361   Thumb Code   122  inv_mpu.o(i.mpu_read_mem)
    mpu_reset_fifo                           0x080033e1   Thumb Code   450  inv_mpu.o(i.mpu_reset_fifo)
    mpu_run_self_test                        0x080035a9   Thumb Code   278  inv_mpu.o(i.mpu_run_self_test)
    mpu_set_accel_fsr                        0x080036c5   Thumb Code   126  inv_mpu.o(i.mpu_set_accel_fsr)
    mpu_set_bypass                           0x08003749   Thumb Code   328  inv_mpu.o(i.mpu_set_bypass)
    mpu_set_dmp_state                        0x08003895   Thumb Code   138  inv_mpu.o(i.mpu_set_dmp_state)
    mpu_set_gyro_fsr                         0x08003925   Thumb Code   132  inv_mpu.o(i.mpu_set_gyro_fsr)
    mpu_set_int_latched                      0x080039ad   Thumb Code   102  inv_mpu.o(i.mpu_set_int_latched)
    mpu_set_lpf                              0x08003a19   Thumb Code   126  inv_mpu.o(i.mpu_set_lpf)
    mpu_set_sample_rate                      0x08003a9d   Thumb Code   152  inv_mpu.o(i.mpu_set_sample_rate)
    mpu_set_sensors                          0x08003b39   Thumb Code   202  inv_mpu.o(i.mpu_set_sensors)
    mpu_write_mem                            0x08003c09   Thumb Code   122  inv_mpu.o(i.mpu_write_mem)
    power                                    0x08003c89   Thumb Code    20  sys.o(i.power)
    run_self_test                            0x08003c9d   Thumb Code   148  inv_mpu.o(i.run_self_test)
    sqrt                                     0x08003dc1   Thumb Code    76  sqrt.o(i.sqrt)
    __aeabi_d2f                              0x08003e0d   Thumb Code     0  d2f.o(x$fpl$d2f)
    _d2f                                     0x08003e0d   Thumb Code    98  d2f.o(x$fpl$d2f)
    __aeabi_dadd                             0x08003e71   Thumb Code     0  daddsub_clz.o(x$fpl$dadd)
    _dadd                                    0x08003e71   Thumb Code   332  daddsub_clz.o(x$fpl$dadd)
    __fpl_dcheck_NaN1                        0x08003fc1   Thumb Code    10  dcheck1.o(x$fpl$dcheck1)
    __aeabi_ddiv                             0x08003fd1   Thumb Code     0  ddiv.o(x$fpl$ddiv)
    _ddiv                                    0x08003fd1   Thumb Code   552  ddiv.o(x$fpl$ddiv)
    __aeabi_dmul                             0x08004281   Thumb Code     0  dmul.o(x$fpl$dmul)
    _dmul                                    0x08004281   Thumb Code   332  dmul.o(x$fpl$dmul)
    __fpl_dnaninf                            0x080043d5   Thumb Code   156  dnaninf.o(x$fpl$dnaninf)
    __fpl_dretinf                            0x08004471   Thumb Code    12  dretinf.o(x$fpl$dretinf)
    __aeabi_drsub                            0x0800447d   Thumb Code     0  daddsub_clz.o(x$fpl$drsb)
    _drsb                                    0x0800447d   Thumb Code    22  daddsub_clz.o(x$fpl$drsb)
    _dsqrt                                   0x08004495   Thumb Code   456  dsqrt_noumaal.o(x$fpl$dsqrt)
    __aeabi_dsub                             0x08004661   Thumb Code     0  daddsub_clz.o(x$fpl$dsub)
    _dsub                                    0x08004661   Thumb Code   464  daddsub_clz.o(x$fpl$dsub)
    __aeabi_f2d                              0x08004835   Thumb Code     0  f2d.o(x$fpl$f2d)
    _f2d                                     0x08004835   Thumb Code    86  f2d.o(x$fpl$f2d)
    __aeabi_fadd                             0x0800488d   Thumb Code     0  faddsub_clz.o(x$fpl$fadd)
    _fadd                                    0x0800488d   Thumb Code   196  faddsub_clz.o(x$fpl$fadd)
    __fpl_fcmp_Inf                           0x08004951   Thumb Code    24  fcmpi.o(x$fpl$fcmpinf)
    __aeabi_fdiv                             0x08004969   Thumb Code     0  fdiv.o(x$fpl$fdiv)
    _fdiv                                    0x08004969   Thumb Code   384  fdiv.o(x$fpl$fdiv)
    __aeabi_cfcmpeq                          0x08004aed   Thumb Code     0  feqf.o(x$fpl$feqf)
    _fcmpeq                                  0x08004aed   Thumb Code   104  feqf.o(x$fpl$feqf)
    __aeabi_f2iz                             0x08004b55   Thumb Code     0  ffix.o(x$fpl$ffix)
    _ffix                                    0x08004b55   Thumb Code    54  ffix.o(x$fpl$ffix)
    __aeabi_f2uiz                            0x08004b8d   Thumb Code     0  ffixu.o(x$fpl$ffixu)
    _ffixu                                   0x08004b8d   Thumb Code    62  ffixu.o(x$fpl$ffixu)
    __aeabi_i2f                              0x08004bcd   Thumb Code     0  fflt_clz.o(x$fpl$fflt)
    _fflt                                    0x08004bcd   Thumb Code    48  fflt_clz.o(x$fpl$fflt)
    __aeabi_ui2f                             0x08004bfd   Thumb Code     0  fflt_clz.o(x$fpl$ffltu)
    _ffltu                                   0x08004bfd   Thumb Code    38  fflt_clz.o(x$fpl$ffltu)
    __aeabi_cfcmple                          0x08004c25   Thumb Code     0  fleqf.o(x$fpl$fleqf)
    _fcmple                                  0x08004c25   Thumb Code   104  fleqf.o(x$fpl$fleqf)
    __fpl_fcmple_InfNaN                      0x08004c77   Thumb Code     0  fleqf.o(x$fpl$fleqf)
    __aeabi_fmul                             0x08004c8d   Thumb Code     0  fmul.o(x$fpl$fmul)
    _fmul                                    0x08004c8d   Thumb Code   258  fmul.o(x$fpl$fmul)
    __fpl_fnaninf                            0x08004d8f   Thumb Code   140  fnaninf.o(x$fpl$fnaninf)
    __fpl_fretinf                            0x08004e1b   Thumb Code    10  fretinf.o(x$fpl$fretinf)
    __aeabi_cfrcmple                         0x08004e25   Thumb Code     0  frleqf.o(x$fpl$frleqf)
    _frcmple                                 0x08004e25   Thumb Code    98  frleqf.o(x$fpl$frleqf)
    __aeabi_fsub                             0x08004e89   Thumb Code     0  faddsub_clz.o(x$fpl$fsub)
    _fsub                                    0x08004e89   Thumb Code   234  faddsub_clz.o(x$fpl$fsub)
    __fpl_return_NaN                         0x08004f73   Thumb Code   100  retnan.o(x$fpl$retnan)
    __ARM_scalbn                             0x08004fd7   Thumb Code    92  scalbn.o(x$fpl$scalbn)
    __fpl_cmpreturn                          0x08005033   Thumb Code    48  trapv.o(x$fpl$trapveneer)
    __I$use$fp                               0x08005062   Number         0  usenofp.o(x$fpl$usenofp)
    hw                                       0x08005064   Data          12  inv_mpu.o(.constdata)
    reg                                      0x08005070   Data          27  inv_mpu.o(.constdata)
    test                                     0x0800508c   Data          40  inv_mpu.o(.constdata)
    __mathlib_zero                           0x08005d98   Data           8  qnan.o(.constdata)
    Region$$Table$$Base                      0x08005da0   Number         0  anon$$obj.o(Region$$Table)
    Region$$Table$$Limit                     0x08005dc0   Number         0  anon$$obj.o(Region$$Table)
    Pitch                                    0x20000000   Data           4  main.o(.data)
    Roll                                     0x20000004   Data           4  main.o(.data)
    Yaw                                      0x20000008   Data           4  main.o(.data)
    __libspace_start                         0x20000054   Data          96  libspace.o(.bss)
    __temporary_stack_top$libspace           0x200000b4   Data           0  libspace.o(.bss)



==============================================================================

Memory Map of the image

  Image Entry point : 0x080000ed

  Load Region LR_IROM1 (Base: 0x08000000, Size: 0x00005e04, Max: 0x00010000, ABSOLUTE)

    Execution Region ER_IROM1 (Exec base: 0x08000000, Load base: 0x08000000, Size: 0x00005dc0, Max: 0x00010000, ABSOLUTE)

    Exec Addr    Load Addr    Size         Type   Attr      Idx    E Section Name        Object

    0x08000000   0x08000000   0x000000ec   Data   RO            3    RESET               startup_stm32f10x_md.o
    0x080000ec   0x080000ec   0x00000008   Code   RO         4557  * !!!main             c_w.l(__main.o)
    0x080000f4   0x080000f4   0x00000034   Code   RO         4871    !!!scatter          c_w.l(__scatter.o)
    0x08000128   0x08000128   0x0000001a   Code   RO         4873    !!handler_copy      c_w.l(__scatter_copy.o)
    0x08000142   0x08000142   0x00000002   PAD
    0x08000144   0x08000144   0x0000001c   Code   RO         4875    !!handler_zi        c_w.l(__scatter_zi.o)
    0x08000160   0x08000160   0x00000002   Code   RO         4734    .ARM.Collect$$libinit$$00000000  c_w.l(libinit.o)
    0x08000162   0x08000162   0x00000000   Code   RO         4746    .ARM.Collect$$libinit$$00000002  c_w.l(libinit2.o)
    0x08000162   0x08000162   0x00000000   Code   RO         4748    .ARM.Collect$$libinit$$00000004  c_w.l(libinit2.o)
    0x08000162   0x08000162   0x00000000   Code   RO         4751    .ARM.Collect$$libinit$$0000000A  c_w.l(libinit2.o)
    0x08000162   0x08000162   0x00000000   Code   RO         4753    .ARM.Collect$$libinit$$0000000C  c_w.l(libinit2.o)
    0x08000162   0x08000162   0x00000000   Code   RO         4755    .ARM.Collect$$libinit$$0000000E  c_w.l(libinit2.o)
    0x08000162   0x08000162   0x00000000   Code   RO         4758    .ARM.Collect$$libinit$$00000011  c_w.l(libinit2.o)
    0x08000162   0x08000162   0x00000000   Code   RO         4760    .ARM.Collect$$libinit$$00000013  c_w.l(libinit2.o)
    0x08000162   0x08000162   0x00000000   Code   RO         4762    .ARM.Collect$$libinit$$00000015  c_w.l(libinit2.o)
    0x08000162   0x08000162   0x00000000   Code   RO         4764    .ARM.Collect$$libinit$$00000017  c_w.l(libinit2.o)
    0x08000162   0x08000162   0x00000000   Code   RO         4766    .ARM.Collect$$libinit$$00000019  c_w.l(libinit2.o)
    0x08000162   0x08000162   0x00000000   Code   RO         4768    .ARM.Collect$$libinit$$0000001B  c_w.l(libinit2.o)
    0x08000162   0x08000162   0x00000000   Code   RO         4770    .ARM.Collect$$libinit$$0000001D  c_w.l(libinit2.o)
    0x08000162   0x08000162   0x00000000   Code   RO         4772    .ARM.Collect$$libinit$$0000001F  c_w.l(libinit2.o)
    0x08000162   0x08000162   0x00000000   Code   RO         4774    .ARM.Collect$$libinit$$00000021  c_w.l(libinit2.o)
    0x08000162   0x08000162   0x00000000   Code   RO         4776    .ARM.Collect$$libinit$$00000023  c_w.l(libinit2.o)
    0x08000162   0x08000162   0x00000000   Code   RO         4778    .ARM.Collect$$libinit$$00000025  c_w.l(libinit2.o)
    0x08000162   0x08000162   0x00000000   Code   RO         4782    .ARM.Collect$$libinit$$0000002C  c_w.l(libinit2.o)
    0x08000162   0x08000162   0x00000000   Code   RO         4784    .ARM.Collect$$libinit$$0000002E  c_w.l(libinit2.o)
    0x08000162   0x08000162   0x00000000   Code   RO         4786    .ARM.Collect$$libinit$$00000030  c_w.l(libinit2.o)
    0x08000162   0x08000162   0x00000000   Code   RO         4788    .ARM.Collect$$libinit$$00000032  c_w.l(libinit2.o)
    0x08000162   0x08000162   0x00000002   Code   RO         4789    .ARM.Collect$$libinit$$00000033  c_w.l(libinit2.o)
    0x08000164   0x08000164   0x00000002   Code   RO         4821    .ARM.Collect$$libshutdown$$00000000  c_w.l(libshutdown.o)
    0x08000166   0x08000166   0x00000000   Code   RO         4838    .ARM.Collect$$libshutdown$$00000002  c_w.l(libshutdown2.o)
    0x08000166   0x08000166   0x00000000   Code   RO         4840    .ARM.Collect$$libshutdown$$00000004  c_w.l(libshutdown2.o)
    0x08000166   0x08000166   0x00000000   Code   RO         4843    .ARM.Collect$$libshutdown$$00000007  c_w.l(libshutdown2.o)
    0x08000166   0x08000166   0x00000000   Code   RO         4846    .ARM.Collect$$libshutdown$$0000000A  c_w.l(libshutdown2.o)
    0x08000166   0x08000166   0x00000000   Code   RO         4848    .ARM.Collect$$libshutdown$$0000000C  c_w.l(libshutdown2.o)
    0x08000166   0x08000166   0x00000000   Code   RO         4851    .ARM.Collect$$libshutdown$$0000000F  c_w.l(libshutdown2.o)
    0x08000166   0x08000166   0x00000002   Code   RO         4852    .ARM.Collect$$libshutdown$$00000010  c_w.l(libshutdown2.o)
    0x08000168   0x08000168   0x00000000   Code   RO         4631    .ARM.Collect$$rtentry$$00000000  c_w.l(__rtentry.o)
    0x08000168   0x08000168   0x00000000   Code   RO         4689    .ARM.Collect$$rtentry$$00000002  c_w.l(__rtentry2.o)
    0x08000168   0x08000168   0x00000006   Code   RO         4701    .ARM.Collect$$rtentry$$00000004  c_w.l(__rtentry4.o)
    0x0800016e   0x0800016e   0x00000000   Code   RO         4691    .ARM.Collect$$rtentry$$00000009  c_w.l(__rtentry2.o)
    0x0800016e   0x0800016e   0x00000004   Code   RO         4692    .ARM.Collect$$rtentry$$0000000A  c_w.l(__rtentry2.o)
    0x08000172   0x08000172   0x00000000   Code   RO         4694    .ARM.Collect$$rtentry$$0000000C  c_w.l(__rtentry2.o)
    0x08000172   0x08000172   0x00000008   Code   RO         4695    .ARM.Collect$$rtentry$$0000000D  c_w.l(__rtentry2.o)
    0x0800017a   0x0800017a   0x00000002   Code   RO         4739    .ARM.Collect$$rtexit$$00000000  c_w.l(rtexit.o)
    0x0800017c   0x0800017c   0x00000000   Code   RO         4793    .ARM.Collect$$rtexit$$00000002  c_w.l(rtexit2.o)
    0x0800017c   0x0800017c   0x00000004   Code   RO         4794    .ARM.Collect$$rtexit$$00000003  c_w.l(rtexit2.o)
    0x08000180   0x08000180   0x00000006   Code   RO         4795    .ARM.Collect$$rtexit$$00000004  c_w.l(rtexit2.o)
    0x08000186   0x08000186   0x00000002   PAD
    0x08000188   0x08000188   0x00000040   Code   RO            4    .text               startup_stm32f10x_md.o
    0x080001c8   0x080001c8   0x00000048   Code   RO         4549    .text               c_w.l(llsdiv.o)
    0x08000210   0x08000210   0x00000058   Code   RO         4551    .text               c_w.l(memcmp.o)
    0x08000268   0x08000268   0x00000010   Code   RO         4553    .text               c_w.l(aeabi_memset.o)
    0x08000278   0x08000278   0x00000006   Code   RO         4555    .text               c_w.l(heapauxi.o)
    0x0800027e   0x0800027e   0x000000ee   Code   RO         4632    .text               c_w.l(lludivv7m.o)
    0x0800036c   0x0800036c   0x00000016   Code   RO         4634    .text               c_w.l(_rserrno.o)
    0x08000382   0x08000382   0x00000044   Code   RO         4636    .text               c_w.l(rt_memclr.o)
    0x080003c6   0x080003c6   0x00000002   PAD
    0x080003c8   0x080003c8   0x00000008   Code   RO         4710    .text               c_w.l(rt_errno_addr_intlibspace.o)
    0x080003d0   0x080003d0   0x0000004e   Code   RO         4712    .text               c_w.l(rt_memclr_w.o)
    0x0800041e   0x0800041e   0x00000002   PAD
    0x08000420   0x08000420   0x00000008   Code   RO         4720    .text               c_w.l(libspace.o)
    0x08000428   0x08000428   0x0000004a   Code   RO         4723    .text               c_w.l(sys_stackheap_outer.o)
    0x08000472   0x08000472   0x00000012   Code   RO         4727    .text               c_w.l(exit.o)
    0x08000484   0x08000484   0x0000000c   Code   RO         4809    .text               c_w.l(sys_exit.o)
    0x08000490   0x08000490   0x00000002   Code   RO         4826    .text               c_w.l(use_no_semi.o)
    0x08000492   0x08000492   0x00000000   Code   RO         4828    .text               c_w.l(indicate_semi.o)
    0x08000492   0x08000492   0x00000004   Code   RO         3824    i.BusFault_Handler  stm32f10x_it.o
    0x08000496   0x08000496   0x00000002   Code   RO         3825    i.DebugMon_Handler  stm32f10x_it.o
    0x08000498   0x08000498   0x00000018   Code   RO         3196    i.Delay_ms          delay.o
    0x080004b0   0x080004b0   0x0000002e   Code   RO         3198    i.Delay_us          delay.o
    0x080004de   0x080004de   0x00000116   Code   RO         1347    i.GPIO_Init         stm32f10x_gpio.o
    0x080005f4   0x080005f4   0x00000004   Code   RO         3826    i.HardFault_Handler  stm32f10x_it.o
    0x080005f8   0x080005f8   0x00000224   Code   RO         3887    i.MPU6050_DMP_Get_Data  inv_mpu.o
    0x0800081c   0x0800081c   0x00000050   Code   RO         3888    i.MPU6050_DMP_Init  inv_mpu.o
    0x0800086c   0x0800086c   0x0000002c   Code   RO         4487    i.MPU6050_IIC_IO_Init  mpu6050_i2c.o
    0x08000898   0x08000898   0x00000050   Code   RO         4488    i.MPU6050_IIC_Read_Ack  mpu6050_i2c.o
    0x080008e8   0x080008e8   0x00000060   Code   RO         4489    i.MPU6050_IIC_Read_Byte  mpu6050_i2c.o
    0x08000948   0x08000948   0x0000001c   Code   RO         4490    i.MPU6050_IIC_SDA_IO_IN  mpu6050_i2c.o
    0x08000964   0x08000964   0x00000018   Code   RO         4491    i.MPU6050_IIC_SDA_IO_OUT  mpu6050_i2c.o
    0x0800097c   0x0800097c   0x00000038   Code   RO         4492    i.MPU6050_IIC_Send_Ack  mpu6050_i2c.o
    0x080009b4   0x080009b4   0x00000064   Code   RO         4493    i.MPU6050_IIC_Send_Byte  mpu6050_i2c.o
    0x08000a18   0x08000a18   0x00000038   Code   RO         4494    i.MPU6050_IIC_Start  mpu6050_i2c.o
    0x08000a50   0x08000a50   0x0000003c   Code   RO         4495    i.MPU6050_IIC_Stop  mpu6050_i2c.o
    0x08000a8c   0x08000a8c   0x00000072   Code   RO         4409    i.MPU6050_Init      mpu6050.o
    0x08000afe   0x08000afe   0x00000012   Code   RO         4413    i.MPU_Set_Accel_Fsr  mpu6050.o
    0x08000b10   0x08000b10   0x00000012   Code   RO         4414    i.MPU_Set_Gyro_Fsr  mpu6050.o
    0x08000b22   0x08000b22   0x0000003c   Code   RO         4415    i.MPU_Set_LPF       mpu6050.o
    0x08000b5e   0x08000b5e   0x00000038   Code   RO         4416    i.MPU_Set_Rate      mpu6050.o
    0x08000b96   0x08000b96   0x00000004   Code   RO         3827    i.MemManage_Handler  stm32f10x_it.o
    0x08000b9a   0x08000b9a   0x00000002   PAD
    0x08000b9c   0x08000b9c   0x000000b0   Code   RO         3241    i.My_GPIO_Init      sys.o
    0x08000c4c   0x08000c4c   0x00000002   Code   RO         3828    i.NMI_Handler       stm32f10x_it.o
    0x08000c4e   0x08000c4e   0x00000002   PAD
    0x08000c50   0x08000c50   0x000000a0   Code   RO         3553    i.PWM_Init          pwm.o
    0x08000cf0   0x08000cf0   0x00000010   Code   RO         3554    i.PWM_SetCompare1   pwm.o
    0x08000d00   0x08000d00   0x00000010   Code   RO         3555    i.PWM_SetCompare2   pwm.o
    0x08000d10   0x08000d10   0x00000010   Code   RO         3556    i.PWM_SetCompare3   pwm.o
    0x08000d20   0x08000d20   0x00000002   Code   RO         3829    i.PendSV_Handler    stm32f10x_it.o
    0x08000d22   0x08000d22   0x00000002   PAD
    0x08000d24   0x08000d24   0x00000020   Code   RO         1775    i.RCC_APB1PeriphClockCmd  stm32f10x_rcc.o
    0x08000d44   0x08000d44   0x00000020   Code   RO         1777    i.RCC_APB2PeriphClockCmd  stm32f10x_rcc.o
    0x08000d64   0x08000d64   0x00000002   Code   RO         3830    i.SVC_Handler       stm32f10x_it.o
    0x08000d66   0x08000d66   0x00000008   Code   RO         3669    i.Servo_Init        servo.o
    0x08000d6e   0x08000d6e   0x00000002   PAD
    0x08000d70   0x08000d70   0x0000003c   Code   RO         3670    i.Servo_SetAngle1   servo.o
    0x08000dac   0x08000dac   0x0000003c   Code   RO         3671    i.Servo_SetAngle2   servo.o
    0x08000de8   0x08000de8   0x0000003c   Code   RO         3672    i.Servo_SetAngle3   servo.o
    0x08000e24   0x08000e24   0x00000008   Code   RO           24    i.SetSysClock       system_stm32f10x.o
    0x08000e2c   0x08000e2c   0x000000e0   Code   RO           25    i.SetSysClockTo72   system_stm32f10x.o
    0x08000f0c   0x08000f0c   0x00000002   Code   RO         3831    i.SysTick_Handler   stm32f10x_it.o
    0x08000f0e   0x08000f0e   0x00000002   PAD
    0x08000f10   0x08000f10   0x00000060   Code   RO           27    i.SystemInit        system_stm32f10x.o
    0x08000f70   0x08000f70   0x00000018   Code   RO         2421    i.TIM_Cmd           stm32f10x_tim.o
    0x08000f88   0x08000f88   0x0000000c   Code   RO         2448    i.TIM_InternalClockConfig  stm32f10x_tim.o
    0x08000f94   0x08000f94   0x00000098   Code   RO         2450    i.TIM_OC1Init       stm32f10x_tim.o
    0x0800102c   0x0800102c   0x000000a4   Code   RO         2455    i.TIM_OC2Init       stm32f10x_tim.o
    0x080010d0   0x080010d0   0x00000014   Code   RO         2468    i.TIM_OCStructInit  stm32f10x_tim.o
    0x080010e4   0x080010e4   0x00000004   Code   RO         2482    i.TIM_SetCompare1   stm32f10x_tim.o
    0x080010e8   0x080010e8   0x00000004   Code   RO         2483    i.TIM_SetCompare2   stm32f10x_tim.o
    0x080010ec   0x080010ec   0x00000004   Code   RO         2484    i.TIM_SetCompare3   stm32f10x_tim.o
    0x080010f0   0x080010f0   0x000000a4   Code   RO         2492    i.TIM_TimeBaseInit  stm32f10x_tim.o
    0x08001194   0x08001194   0x00000004   Code   RO         3832    i.UsageFault_Handler  stm32f10x_it.o
    0x08001198   0x08001198   0x00000028   Code   RO         4675    i.__ARM_fpclassify  m_ws.l(fpclassify.o)
    0x080011c0   0x080011c0   0x000000aa   Code   RO         4677    i.__kernel_poly     m_ws.l(poly.o)
    0x0800126a   0x0800126a   0x00000006   Code   RO         4662    i.__mathlib_dbl_infnan  m_ws.l(dunder.o)
    0x08001270   0x08001270   0x00000004   Code   RO         4663    i.__mathlib_dbl_infnan2  m_ws.l(dunder.o)
    0x08001274   0x08001274   0x0000000c   Code   RO         4664    i.__mathlib_dbl_invalid  m_ws.l(dunder.o)
    0x08001280   0x08001280   0x00000010   Code   RO         4667    i.__mathlib_dbl_underflow  m_ws.l(dunder.o)
    0x08001290   0x08001290   0x000000a8   Code   RO         3889    i.accel_self_test   inv_mpu.o
    0x08001338   0x08001338   0x00000270   Code   RO         4614    i.asin              m_ws.l(asin.o)
    0x080015a8   0x080015a8   0x00000220   Code   RO         4652    i.atan              m_ws.l(atan.o)
    0x080017c8   0x080017c8   0x00000180   Code   RO         4624    i.atan2             m_ws.l(atan2.o)
    0x08001948   0x08001948   0x00000064   Code   RO         4229    i.decode_gesture    inv_mpu_dmp_motion_driver.o
    0x080019ac   0x080019ac   0x0000000c   Code   RO         3199    i.delay_ms          delay.o
    0x080019b8   0x080019b8   0x0000000c   Code   RO         3201    i.delay_us          delay.o
    0x080019c4   0x080019c4   0x0000003c   Code   RO         4230    i.dmp_enable_6x_lp_quat  inv_mpu_dmp_motion_driver.o
    0x08001a00   0x08001a00   0x0000021c   Code   RO         4231    i.dmp_enable_feature  inv_mpu_dmp_motion_driver.o
    0x08001c1c   0x08001c1c   0x00000058   Code   RO         4232    i.dmp_enable_gyro_cal  inv_mpu_dmp_motion_driver.o
    0x08001c74   0x08001c74   0x0000003c   Code   RO         4233    i.dmp_enable_lp_quat  inv_mpu_dmp_motion_driver.o
    0x08001cb0   0x08001cb0   0x00000018   Code   RO         4238    i.dmp_load_motion_driver_firmware  inv_mpu_dmp_motion_driver.o
    0x08001cc8   0x08001cc8   0x000001c8   Code   RO         4239    i.dmp_read_fifo     inv_mpu_dmp_motion_driver.o
    0x08001e90   0x08001e90   0x00000130   Code   RO         4242    i.dmp_set_accel_bias  inv_mpu_dmp_motion_driver.o
    0x08001fc0   0x08001fc0   0x00000070   Code   RO         4243    i.dmp_set_fifo_rate  inv_mpu_dmp_motion_driver.o
    0x08002030   0x08002030   0x00000130   Code   RO         4244    i.dmp_set_gyro_bias  inv_mpu_dmp_motion_driver.o
    0x08002160   0x08002160   0x00000138   Code   RO         4246    i.dmp_set_orientation  inv_mpu_dmp_motion_driver.o
    0x08002298   0x08002298   0x00000038   Code   RO         4249    i.dmp_set_shake_reject_thresh  inv_mpu_dmp_motion_driver.o
    0x080022d0   0x080022d0   0x00000026   Code   RO         4250    i.dmp_set_shake_reject_time  inv_mpu_dmp_motion_driver.o
    0x080022f6   0x080022f6   0x00000026   Code   RO         4251    i.dmp_set_shake_reject_timeout  inv_mpu_dmp_motion_driver.o
    0x0800231c   0x0800231c   0x00000046   Code   RO         4252    i.dmp_set_tap_axes  inv_mpu_dmp_motion_driver.o
    0x08002362   0x08002362   0x00000026   Code   RO         4253    i.dmp_set_tap_count  inv_mpu_dmp_motion_driver.o
    0x08002388   0x08002388   0x000001a0   Code   RO         4254    i.dmp_set_tap_thresh  inv_mpu_dmp_motion_driver.o
    0x08002528   0x08002528   0x00000026   Code   RO         4255    i.dmp_set_tap_time  inv_mpu_dmp_motion_driver.o
    0x0800254e   0x0800254e   0x00000026   Code   RO         4256    i.dmp_set_tap_time_multi  inv_mpu_dmp_motion_driver.o
    0x08002574   0x08002574   0x000000b4   Code   RO         3890    i.get_accel_prod_shift  inv_mpu.o
    0x08002628   0x08002628   0x00000470   Code   RO         3892    i.get_st_biases     inv_mpu.o
    0x08002a98   0x08002a98   0x00000110   Code   RO         3893    i.gyro_self_test    inv_mpu.o
    0x08002ba8   0x08002ba8   0x00000028   Code   RO         3894    i.inv_orientation_matrix_to_scalar  inv_mpu.o
    0x08002bd0   0x08002bd0   0x0000004e   Code   RO         3895    i.inv_row_2_scale   inv_mpu.o
    0x08002c1e   0x08002c1e   0x00000002   PAD
    0x08002c20   0x08002c20   0x0000006c   Code   RO         3702    i.main              main.o
    0x08002c8c   0x08002c8c   0x0000005c   Code   RO         4417    i.mpu6050_read      mpu6050.o
    0x08002ce8   0x08002ce8   0x00000016   Code   RO         4418    i.mpu6050_read_reg  mpu6050.o
    0x08002cfe   0x08002cfe   0x00000044   Code   RO         4419    i.mpu6050_write     mpu6050.o
    0x08002d42   0x08002d42   0x00000012   Code   RO         4420    i.mpu6050_write_reg  mpu6050.o
    0x08002d54   0x08002d54   0x00000070   Code   RO         3896    i.mpu_configure_fifo  inv_mpu.o
    0x08002dc4   0x08002dc4   0x0000004c   Code   RO         3897    i.mpu_get_accel_fsr  inv_mpu.o
    0x08002e10   0x08002e10   0x00000054   Code   RO         3899    i.mpu_get_accel_sens  inv_mpu.o
    0x08002e64   0x08002e64   0x00000010   Code   RO         3904    i.mpu_get_fifo_config  inv_mpu.o
    0x08002e74   0x08002e74   0x00000044   Code   RO         3905    i.mpu_get_gyro_fsr  inv_mpu.o
    0x08002eb8   0x08002eb8   0x00000050   Code   RO         3907    i.mpu_get_gyro_sens  inv_mpu.o
    0x08002f08   0x08002f08   0x00000050   Code   RO         3909    i.mpu_get_lpf       inv_mpu.o
    0x08002f58   0x08002f58   0x00000020   Code   RO         3911    i.mpu_get_sample_rate  inv_mpu.o
    0x08002f78   0x08002f78   0x00000190   Code   RO         3913    i.mpu_init          inv_mpu.o
    0x08003108   0x08003108   0x000000b8   Code   RO         3914    i.mpu_load_firmware  inv_mpu.o
    0x080031c0   0x080031c0   0x000000e0   Code   RO         3915    i.mpu_lp_accel_mode  inv_mpu.o
    0x080032a0   0x080032a0   0x000000c0   Code   RO         3918    i.mpu_read_fifo_stream  inv_mpu.o
    0x08003360   0x08003360   0x00000080   Code   RO         3919    i.mpu_read_mem      inv_mpu.o
    0x080033e0   0x080033e0   0x000001c8   Code   RO         3922    i.mpu_reset_fifo    inv_mpu.o
    0x080035a8   0x080035a8   0x0000011c   Code   RO         3923    i.mpu_run_self_test  inv_mpu.o
    0x080036c4   0x080036c4   0x00000084   Code   RO         3925    i.mpu_set_accel_fsr  inv_mpu.o
    0x08003748   0x08003748   0x0000014c   Code   RO         3926    i.mpu_set_bypass    inv_mpu.o
    0x08003894   0x08003894   0x00000090   Code   RO         3928    i.mpu_set_dmp_state  inv_mpu.o
    0x08003924   0x08003924   0x00000088   Code   RO         3929    i.mpu_set_gyro_fsr  inv_mpu.o
    0x080039ac   0x080039ac   0x0000006c   Code   RO         3930    i.mpu_set_int_latched  inv_mpu.o
    0x08003a18   0x08003a18   0x00000084   Code   RO         3932    i.mpu_set_lpf       inv_mpu.o
    0x08003a9c   0x08003a9c   0x0000009c   Code   RO         3933    i.mpu_set_sample_rate  inv_mpu.o
    0x08003b38   0x08003b38   0x000000d0   Code   RO         3934    i.mpu_set_sensors   inv_mpu.o
    0x08003c08   0x08003c08   0x00000080   Code   RO         3935    i.mpu_write_mem     inv_mpu.o
    0x08003c88   0x08003c88   0x00000014   Code   RO         3244    i.power             sys.o
    0x08003c9c   0x08003c9c   0x00000094   Code   RO         3936    i.run_self_test     inv_mpu.o
    0x08003d30   0x08003d30   0x00000090   Code   RO         3937    i.set_int_enable    inv_mpu.o
    0x08003dc0   0x08003dc0   0x0000004c   Code   RO         4681    i.sqrt              m_ws.l(sqrt.o)
    0x08003e0c   0x08003e0c   0x00000062   Code   RO         4559    x$fpl$d2f           fz_ws.l(d2f.o)
    0x08003e6e   0x08003e6e   0x00000002   PAD
    0x08003e70   0x08003e70   0x00000150   Code   RO         4561    x$fpl$dadd          fz_ws.l(daddsub_clz.o)
    0x08003fc0   0x08003fc0   0x00000010   Code   RO         4714    x$fpl$dcheck1       fz_ws.l(dcheck1.o)
    0x08003fd0   0x08003fd0   0x000002b0   Code   RO         4568    x$fpl$ddiv          fz_ws.l(ddiv.o)
    0x08004280   0x08004280   0x00000154   Code   RO         4577    x$fpl$dmul          fz_ws.l(dmul.o)
    0x080043d4   0x080043d4   0x0000009c   Code   RO         4638    x$fpl$dnaninf       fz_ws.l(dnaninf.o)
    0x08004470   0x08004470   0x0000000c   Code   RO         4640    x$fpl$dretinf       fz_ws.l(dretinf.o)
    0x0800447c   0x0800447c   0x00000016   Code   RO         4562    x$fpl$drsb          fz_ws.l(daddsub_clz.o)
    0x08004492   0x08004492   0x00000002   PAD
    0x08004494   0x08004494   0x000001cc   Code   RO         4718    x$fpl$dsqrt         fz_ws.l(dsqrt_noumaal.o)
    0x08004660   0x08004660   0x000001d4   Code   RO         4563    x$fpl$dsub          fz_ws.l(daddsub_clz.o)
    0x08004834   0x08004834   0x00000056   Code   RO         4579    x$fpl$f2d           fz_ws.l(f2d.o)
    0x0800488a   0x0800488a   0x00000002   PAD
    0x0800488c   0x0800488c   0x000000c4   Code   RO         4581    x$fpl$fadd          fz_ws.l(faddsub_clz.o)
    0x08004950   0x08004950   0x00000018   Code   RO         4642    x$fpl$fcmpinf       fz_ws.l(fcmpi.o)
    0x08004968   0x08004968   0x00000184   Code   RO         4588    x$fpl$fdiv          fz_ws.l(fdiv.o)
    0x08004aec   0x08004aec   0x00000068   Code   RO         4591    x$fpl$feqf          fz_ws.l(feqf.o)
    0x08004b54   0x08004b54   0x00000036   Code   RO         4593    x$fpl$ffix          fz_ws.l(ffix.o)
    0x08004b8a   0x08004b8a   0x00000002   PAD
    0x08004b8c   0x08004b8c   0x0000003e   Code   RO         4597    x$fpl$ffixu         fz_ws.l(ffixu.o)
    0x08004bca   0x08004bca   0x00000002   PAD
    0x08004bcc   0x08004bcc   0x00000030   Code   RO         4602    x$fpl$fflt          fz_ws.l(fflt_clz.o)
    0x08004bfc   0x08004bfc   0x00000026   Code   RO         4601    x$fpl$ffltu         fz_ws.l(fflt_clz.o)
    0x08004c22   0x08004c22   0x00000002   PAD
    0x08004c24   0x08004c24   0x00000068   Code   RO         4607    x$fpl$fleqf         fz_ws.l(fleqf.o)
    0x08004c8c   0x08004c8c   0x00000102   Code   RO         4609    x$fpl$fmul          fz_ws.l(fmul.o)
    0x08004d8e   0x08004d8e   0x0000008c   Code   RO         4644    x$fpl$fnaninf       fz_ws.l(fnaninf.o)
    0x08004e1a   0x08004e1a   0x0000000a   Code   RO         4646    x$fpl$fretinf       fz_ws.l(fretinf.o)
    0x08004e24   0x08004e24   0x00000062   Code   RO         4611    x$fpl$frleqf        fz_ws.l(frleqf.o)
    0x08004e86   0x08004e86   0x00000002   PAD
    0x08004e88   0x08004e88   0x000000ea   Code   RO         4583    x$fpl$fsub          fz_ws.l(faddsub_clz.o)
    0x08004f72   0x08004f72   0x00000064   Code   RO         4737    x$fpl$retnan        fz_ws.l(retnan.o)
    0x08004fd6   0x08004fd6   0x0000005c   Code   RO         4648    x$fpl$scalbn        fz_ws.l(scalbn.o)
    0x08005032   0x08005032   0x00000030   Code   RO         4790    x$fpl$trapveneer    fz_ws.l(trapv.o)
    0x08005062   0x08005062   0x00000000   Code   RO         4650    x$fpl$usenofp       fz_ws.l(usenofp.o)
    0x08005062   0x08005062   0x00000002   PAD
    0x08005064   0x08005064   0x00000050   Data   RO         3938    .constdata          inv_mpu.o
    0x080050b4   0x080050b4   0x00000bf6   Data   RO         4258    .constdata          inv_mpu_dmp_motion_driver.o
    0x08005caa   0x08005caa   0x00000006   PAD
    0x08005cb0   0x08005cb0   0x00000050   Data   RO         4615    .constdata          m_ws.l(asin.o)
    0x08005d00   0x08005d00   0x00000098   Data   RO         4653    .constdata          m_ws.l(atan.o)
    0x08005d98   0x08005d98   0x00000008   Data   RO         4679    .constdata          m_ws.l(qnan.o)
    0x08005da0   0x08005da0   0x00000020   Data   RO         4869    Region$$Table       anon$$obj.o


    Execution Region RW_IRAM1 (Exec base: 0x20000000, Load base: 0x08005dc0, Size: 0x000006b8, Max: 0x00005000, ABSOLUTE)

    Exec Addr    Load Addr    Size         Type   Attr      Idx    E Section Name        Object

    0x20000000   0x08005dc0   0x0000000c   Data   RW         3703    .data               main.o
    0x2000000c   0x08005dcc   0x00000035   Data   RW         3939    .data               inv_mpu.o
    0x20000041   0x08005e01   0x00000003   PAD
    0x20000044        -       0x00000010   Zero   RW         4257    .bss                inv_mpu_dmp_motion_driver.o
    0x20000054        -       0x00000060   Zero   RW         4721    .bss                c_w.l(libspace.o)
    0x200000b4   0x08005e01   0x00000004   PAD
    0x200000b8        -       0x00000200   Zero   RW            2    HEAP                startup_stm32f10x_md.o
    0x200002b8        -       0x00000400   Zero   RW            1    STACK               startup_stm32f10x_md.o


==============================================================================

Image component sizes


      Code (inc. data)   RO Data    RW Data    ZI Data      Debug   Object Name

         0          0          0          0          0       4532   core_cm3.o
        94          0          0          0          0       2064   delay.o
      6686        214         80         53          0      31642   inv_mpu.o
      3092        124       3062          0         16      21202   inv_mpu_dmp_motion_driver.o
       108         16          0         12          0        864   main.o
         0          0          0          0          0     201748   misc.o
       466          0          0          0          0       6213   mpu6050.o
       544         76          0          0          0       5356   mpu6050_i2c.o
       208          4          0          0          0      31041   pwm.o
       188         36          0          0          0       2123   servo.o
        64         26        236          0       1536        848   startup_stm32f10x_md.o
       278          0          0          0          0      10356   stm32f10x_gpio.o
        26          0          0          0          0       4198   stm32f10x_it.o
        64         12          0          0          0       1178   stm32f10x_rcc.o
       548         72          0          0          0      26332   stm32f10x_tim.o
       196          4          0          0          0       3771   sys.o
       328         28          0          0          0      10413   system_stm32f10x.o

    ----------------------------------------------------------------------
     12902        612       3416         68       1552     363881   Object Totals
         0          0         32          0          0          0   (incl. Generated)
        12          0          6          3          0          0   (incl. Padding)

    ----------------------------------------------------------------------

      Code (inc. data)   RO Data    RW Data    ZI Data      Debug   Library Member Name

         8          0          0          0          0         68   __main.o
         0          0          0          0          0          0   __rtentry.o
        12          0          0          0          0          0   __rtentry2.o
         6          0          0          0          0          0   __rtentry4.o
        52          8          0          0          0          0   __scatter.o
        26          0          0          0          0          0   __scatter_copy.o
        28          0          0          0          0          0   __scatter_zi.o
        22          0          0          0          0        100   _rserrno.o
        16          0          0          0          0         68   aeabi_memset.o
        18          0          0          0          0         80   exit.o
         6          0          0          0          0        152   heapauxi.o
         0          0          0          0          0          0   indicate_semi.o
         2          0          0          0          0          0   libinit.o
         2          0          0          0          0          0   libinit2.o
         2          0          0          0          0          0   libshutdown.o
         2          0          0          0          0          0   libshutdown2.o
         8          4          0          0         96         68   libspace.o
        72          0          0          0          0         76   llsdiv.o
       238          0          0          0          0        100   lludivv7m.o
        88          0          0          0          0         76   memcmp.o
         8          4          0          0          0         68   rt_errno_addr_intlibspace.o
        68          0          0          0          0         68   rt_memclr.o
        78          0          0          0          0         80   rt_memclr_w.o
         2          0          0          0          0          0   rtexit.o
        10          0          0          0          0          0   rtexit2.o
        12          4          0          0          0         68   sys_exit.o
        74          0          0          0          0         80   sys_stackheap_outer.o
         2          0          0          0          0         68   use_no_semi.o
        98          4          0          0          0         92   d2f.o
       826         16          0          0          0        348   daddsub_clz.o
        16          4          0          0          0         68   dcheck1.o
       688        140          0          0          0        208   ddiv.o
       340         12          0          0          0        104   dmul.o
       156          4          0          0          0         92   dnaninf.o
        12          0          0          0          0         68   dretinf.o
       460         56          0          0          0        120   dsqrt_noumaal.o
        86          4          0          0          0         84   f2d.o
       430          8          0          0          0        168   faddsub_clz.o
        24          0          0          0          0         68   fcmpi.o
       388         76          0          0          0         96   fdiv.o
       104          4          0          0          0         84   feqf.o
        54          4          0          0          0         84   ffix.o
        62          4          0          0          0         84   ffixu.o
        86          0          0          0          0        136   fflt_clz.o
       104          4          0          0          0         84   fleqf.o
       258          4          0          0          0         84   fmul.o
       140          4          0          0          0         84   fnaninf.o
        10          0          0          0          0         68   fretinf.o
        98          0          0          0          0         68   frleqf.o
       100          0          0          0          0         68   retnan.o
        92          0          0          0          0         68   scalbn.o
        48          0          0          0          0         68   trapv.o
         0          0          0          0          0          0   usenofp.o
       624         52         80          0          0        168   asin.o
       544         70        152          0          0        124   atan.o
       384         38          0          0          0        144   atan2.o
        38          6          0          0          0        272   dunder.o
        40          0          0          0          0         68   fpclassify.o
       170          0          0          0          0         96   poly.o
         0          0          8          0          0          0   qnan.o
        76          0          0          0          0         84   sqrt.o

    ----------------------------------------------------------------------
      7442        534        240          0        100       4672   Library Totals
        24          0          0          0          4          0   (incl. Padding)

    ----------------------------------------------------------------------

      Code (inc. data)   RO Data    RW Data    ZI Data      Debug   Library Name

       862         20          0          0         96       1220   c_w.l
      4680        348          0          0          0       2496   fz_ws.l
      1876        166        240          0          0        956   m_ws.l

    ----------------------------------------------------------------------
      7442        534        240          0        100       4672   Library Totals

    ----------------------------------------------------------------------

==============================================================================


      Code (inc. data)   RO Data    RW Data    ZI Data      Debug   

     20344       1146       3656         68       1652     360489   Grand Totals
     20344       1146       3656         68       1652     360489   ELF Image Totals
     20344       1146       3656         68          0          0   ROM Totals

==============================================================================

    Total RO  Size (Code + RO Data)                24000 (  23.44kB)
    Total RW  Size (RW Data + ZI Data)              1720 (   1.68kB)
    Total ROM Size (Code + RO Data + RW Data)      24068 (  23.50kB)

==============================================================================

